<html>
<body>
<pre>
<h1>礦ision Build Log</h1>
<h2>Tool Versions:</h2>
IDE-Version: μVision V5.18.0.0
Copyright (C) 2016 ARM Ltd and ARM Germany GmbH. All rights reserved.
License Information: A b, c, LIC=ZB4EI-TTC56-IIK5V-P4FS4-BNK0V-L2A1R
 
Tool Versions:
Toolchain:       MDK-ARM Standard  Version: 5.18
Toolchain Path:  C:\Keil_v5\ARM\ARMCC\Bin
C Compiler:      Armcc.exe V5.06 update 1 (build 61)
Assembler:       Armasm.exe V5.06 update 1 (build 61)
Linker/Locator:  ArmLink.exe V5.06 update 1 (build 61)
Library Manager: ArmAr.exe V5.06 update 1 (build 61)
Hex Converter:   FromElf.exe V5.06 update 1 (build 61)
CPU DLL:         SARMCM3.DLL V5.18
Dialog DLL:      DCM.DLL V1.13.6.0
Target DLL:      STLink\ST-LINKIII-KEIL_SWO.dll V2.0.18.0
Dialog DLL:      TCM.DLL V1.14.8.0
 
<h2>Project:</h2>
D:\2 其他\2021年项目\单片机培训\项目\报警主机\7.视频教程\25.STM32实现PWM驱动喇叭报警功能\程序\wh01(v2.3)\mdk\wh01.uvprojx
Project File Date:  05/17/2021

<h2>Output:</h2>
*** Using Compiler 'V5.06 update 1 (build 61)', folder: 'C:\Keil_v5\ARM\ARMCC\Bin'
Rebuild target 'Target 1'
compiling misc.c...
compiling stm32f10x_crc.c...
compiling system_stm32f10x.c...
compiling stm32f10x_bkp.c...
compiling stm32f10x_adc.c...
compiling stm32f10x_can.c...
compiling stm32f10x_cec.c...
compiling stm32f10x_dac.c...
compiling stm32f10x_dbgmcu.c...
compiling stm32f10x_dma.c...
compiling stm32f10x_exti.c...
compiling stm32f10x_gpio.c...
compiling stm32f10x_flash.c...
compiling stm32f10x_fsmc.c...
compiling stm32f10x_pwr.c...
compiling stm32f10x_rcc.c...
compiling stm32f10x_i2c.c...
compiling stm32f10x_iwdg.c...
compiling stm32f10x_spi.c...
assembling startup_stm32f10x_md.s...
compiling stm32f10x_rtc.c...
compiling stm32f10x_sdio.c...
compiling main.c...
compiling stm32f10x_wwdg.c...
compiling hal_led.c...
compiling stm32f10x_tim.c...
compiling stm32f10x_usart.c...
compiling stm32f10x_it.c...
compiling hal_cpu.c...
compiling hal_key.c...
compiling hal_usart.c...
..\hal\hal_usart.c(201): warning:  #550-D: variable "dat" was set but never used
  	unsigned char dat;
..\hal\hal_usart.c(184): warning:  #177-D: function "hal_DebugSendByte" was declared but never referenced
  static void hal_DebugSendByte(unsigned char  Dat)
..\hal\hal_usart.c(191): warning:  #177-D: function "hal_SendByte" was declared but never referenced
  static void hal_SendByte(unsigned char data)
..\hal\hal_usart.c: 3 warnings, 0 errors
compiling hal_beep.c...
compiling hal_eeprom.c...
..\hal\hal_eeprom.c(208): warning:  #177-D: function "I2C_WriteByte" was declared but never referenced
  static void I2C_WriteByte(unsigned short address,unsigned char dat)
..\hal\hal_eeprom.c: 1 warning, 0 errors
compiling hal_time.c...
compiling hal_rfd.c...
compiling hal_oled.c...
..\hal\hal_oled.c(472): warning:  #177-D: variable "i" was declared but never referenced
  	unsigned char i;		
..\hal\hal_oled.c(437): warning:  #177-D: function "hal_spiReadWriteByte" was declared but never referenced
  static unsigned char  hal_spiReadWriteByte(unsigned char  TxData);
..\hal\hal_oled.c: 2 warnings, 0 errors
compiling OS_System.c...
compiling para.c...
compiling app.c...
linking...
Program Size: Code=13512 RO-data=6900 RW-data=292 ZI-data=4108  
".\Objects\wh01.axf" - 0 Error(s), 6 Warning(s).

<h2>Collection of Component include folders:</h2>
  D:\2 其他\2021年项目\单片机培训\项目\报警主机\7.视频教程\25.STM32实现PWM驱动喇叭报警功能\程序\wh01(v2.3)\mdk\RTE
  C:\Keil_v5\ARM\PACK\Keil\STM32F1xx_DFP\2.1.0\Device\Include

<h2>Collection of Component Files used:</h2>
Build Time Elapsed:  00:00:08
</pre>
</body>
</html>
