Component: ARM Compiler 5.06 update 1 (build 61) Tool: armlink [4d35a8]

==============================================================================

Section Cross References

    system_stm32f10x.o(i.SetSysClock) refers to system_stm32f10x.o(i.SetSysClockTo72) for SetSysClockTo72
    system_stm32f10x.o(i.SystemCoreClockUpdate) refers to system_stm32f10x.o(.data) for SystemCoreClock
    system_stm32f10x.o(i.SystemInit) refers to system_stm32f10x.o(i.SetSysClock) for SetSysClock
    stm32f10x_adc.o(i.ADC_DeInit) refers to stm32f10x_rcc.o(i.RCC_APB2PeriphResetCmd) for RCC_APB2PeriphResetCmd
    stm32f10x_bkp.o(i.BKP_DeInit) refers to stm32f10x_rcc.o(i.RCC_BackupResetCmd) for RCC_BackupResetCmd
    stm32f10x_can.o(i.CAN_DeInit) refers to stm32f10x_rcc.o(i.RCC_APB1PeriphResetCmd) for RCC_APB1PeriphResetCmd
    stm32f10x_can.o(i.CAN_GetITStatus) refers to stm32f10x_can.o(i.CheckITStatus) for CheckITStatus
    stm32f10x_can.o(i.CAN_Receive) refers to stm32f10x_can.o(i.CAN_FIFORelease) for CAN_FIFORelease
    stm32f10x_cec.o(i.CEC_DeInit) refers to stm32f10x_rcc.o(i.RCC_APB1PeriphResetCmd) for RCC_APB1PeriphResetCmd
    stm32f10x_dac.o(i.DAC_DeInit) refers to stm32f10x_rcc.o(i.RCC_APB1PeriphResetCmd) for RCC_APB1PeriphResetCmd
    stm32f10x_flash.o(i.FLASH_EnableWriteProtection) refers to stm32f10x_flash.o(i.FLASH_WaitForLastOperation) for FLASH_WaitForLastOperation
    stm32f10x_flash.o(i.FLASH_EraseAllBank1Pages) refers to stm32f10x_flash.o(i.FLASH_WaitForLastBank1Operation) for FLASH_WaitForLastBank1Operation
    stm32f10x_flash.o(i.FLASH_EraseAllPages) refers to stm32f10x_flash.o(i.FLASH_WaitForLastOperation) for FLASH_WaitForLastOperation
    stm32f10x_flash.o(i.FLASH_EraseOptionBytes) refers to stm32f10x_flash.o(i.FLASH_GetReadOutProtectionStatus) for FLASH_GetReadOutProtectionStatus
    stm32f10x_flash.o(i.FLASH_EraseOptionBytes) refers to stm32f10x_flash.o(i.FLASH_WaitForLastOperation) for FLASH_WaitForLastOperation
    stm32f10x_flash.o(i.FLASH_ErasePage) refers to stm32f10x_flash.o(i.FLASH_WaitForLastOperation) for FLASH_WaitForLastOperation
    stm32f10x_flash.o(i.FLASH_ProgramHalfWord) refers to stm32f10x_flash.o(i.FLASH_WaitForLastOperation) for FLASH_WaitForLastOperation
    stm32f10x_flash.o(i.FLASH_ProgramOptionByteData) refers to stm32f10x_flash.o(i.FLASH_WaitForLastOperation) for FLASH_WaitForLastOperation
    stm32f10x_flash.o(i.FLASH_ProgramWord) refers to stm32f10x_flash.o(i.FLASH_WaitForLastOperation) for FLASH_WaitForLastOperation
    stm32f10x_flash.o(i.FLASH_ReadOutProtection) refers to stm32f10x_flash.o(i.FLASH_WaitForLastOperation) for FLASH_WaitForLastOperation
    stm32f10x_flash.o(i.FLASH_UserOptionByteConfig) refers to stm32f10x_flash.o(i.FLASH_WaitForLastOperation) for FLASH_WaitForLastOperation
    stm32f10x_flash.o(i.FLASH_WaitForLastBank1Operation) refers to stm32f10x_flash.o(i.FLASH_GetBank1Status) for FLASH_GetBank1Status
    stm32f10x_flash.o(i.FLASH_WaitForLastOperation) refers to stm32f10x_flash.o(i.FLASH_GetBank1Status) for FLASH_GetBank1Status
    stm32f10x_gpio.o(i.GPIO_AFIODeInit) refers to stm32f10x_rcc.o(i.RCC_APB2PeriphResetCmd) for RCC_APB2PeriphResetCmd
    stm32f10x_gpio.o(i.GPIO_DeInit) refers to stm32f10x_rcc.o(i.RCC_APB2PeriphResetCmd) for RCC_APB2PeriphResetCmd
    stm32f10x_i2c.o(i.I2C_DeInit) refers to stm32f10x_rcc.o(i.RCC_APB1PeriphResetCmd) for RCC_APB1PeriphResetCmd
    stm32f10x_i2c.o(i.I2C_Init) refers to stm32f10x_rcc.o(i.RCC_GetClocksFreq) for RCC_GetClocksFreq
    stm32f10x_pwr.o(i.PWR_DeInit) refers to stm32f10x_rcc.o(i.RCC_APB1PeriphResetCmd) for RCC_APB1PeriphResetCmd
    stm32f10x_rcc.o(i.RCC_GetClocksFreq) refers to stm32f10x_rcc.o(.data) for APBAHBPrescTable
    stm32f10x_rcc.o(i.RCC_WaitForHSEStartUp) refers to stm32f10x_rcc.o(i.RCC_GetFlagStatus) for RCC_GetFlagStatus
    stm32f10x_rtc.o(i.RTC_SetAlarm) refers to stm32f10x_rtc.o(i.RTC_EnterConfigMode) for RTC_EnterConfigMode
    stm32f10x_rtc.o(i.RTC_SetAlarm) refers to stm32f10x_rtc.o(i.RTC_ExitConfigMode) for RTC_ExitConfigMode
    stm32f10x_rtc.o(i.RTC_SetCounter) refers to stm32f10x_rtc.o(i.RTC_EnterConfigMode) for RTC_EnterConfigMode
    stm32f10x_rtc.o(i.RTC_SetCounter) refers to stm32f10x_rtc.o(i.RTC_ExitConfigMode) for RTC_ExitConfigMode
    stm32f10x_rtc.o(i.RTC_SetPrescaler) refers to stm32f10x_rtc.o(i.RTC_EnterConfigMode) for RTC_EnterConfigMode
    stm32f10x_rtc.o(i.RTC_SetPrescaler) refers to stm32f10x_rtc.o(i.RTC_ExitConfigMode) for RTC_ExitConfigMode
    stm32f10x_spi.o(i.I2S_Init) refers to stm32f10x_rcc.o(i.RCC_GetClocksFreq) for RCC_GetClocksFreq
    stm32f10x_spi.o(i.SPI_I2S_DeInit) refers to stm32f10x_rcc.o(i.RCC_APB2PeriphResetCmd) for RCC_APB2PeriphResetCmd
    stm32f10x_spi.o(i.SPI_I2S_DeInit) refers to stm32f10x_rcc.o(i.RCC_APB1PeriphResetCmd) for RCC_APB1PeriphResetCmd
    stm32f10x_tim.o(i.TIM_DeInit) refers to stm32f10x_rcc.o(i.RCC_APB2PeriphResetCmd) for RCC_APB2PeriphResetCmd
[...]
    ../clib/angel/kernel.s                   0x00000000   Number         0  rtexit2.o ABSOLUTE
    ../clib/angel/kernel.s                   0x00000000   Number         0  __rtentry2.o ABSOLUTE
    ../clib/angel/kernel.s                   0x00000000   Number         0  rtexit.o ABSOLUTE
    ../clib/angel/kernel.s                   0x00000000   Number         0  __rtentry4.o ABSOLUTE
    ../clib/angel/rt.s                       0x00000000   Number         0  rt_raise.o ABSOLUTE
    ../clib/angel/scatter.s                  0x00000000   Number         0  __scatter.o ABSOLUTE
    ../clib/angel/startup.s                  0x00000000   Number         0  __main.o ABSOLUTE
    ../clib/angel/sys.s                      0x00000000   Number         0  indicate_semi.o ABSOLUTE
    ../clib/angel/sys.s                      0x00000000   Number         0  libspace.o ABSOLUTE
    ../clib/angel/sys.s                      0x00000000   Number         0  sys_stackheap_outer.o ABSOLUTE
    ../clib/angel/sys.s                      0x00000000   Number         0  use_no_semi.o ABSOLUTE
    ../clib/angel/sysapp.c                   0x00000000   Number         0  sys_exit.o ABSOLUTE
    ../clib/angel/sysapp.c                   0x00000000   Number         0  sys_wrch.o ABSOLUTE
    ../clib/angel/sysapp.c                   0x00000000   Number         0  sys_command.o ABSOLUTE
    ../clib/armsys.c                         0x00000000   Number         0  _get_argv_nomalloc.o ABSOLUTE
    ../clib/armsys.c                         0x00000000   Number         0  argv_veneer.o ABSOLUTE
    ../clib/armsys.c                         0x00000000   Number         0  argv_veneer.o ABSOLUTE
    ../clib/armsys.c                         0x00000000   Number         0  no_argv.o ABSOLUTE
    ../clib/heapalloc.c                      0x00000000   Number         0  hrguard.o ABSOLUTE
    ../clib/heapaux.c                        0x00000000   Number         0  heapauxi.o ABSOLUTE
    ../clib/libinit.s                        0x00000000   Number         0  libinit2.o ABSOLUTE
    ../clib/libinit.s                        0x00000000   Number         0  libshutdown2.o ABSOLUTE
    ../clib/libinit.s                        0x00000000   Number         0  libinit.o ABSOLUTE
    ../clib/libinit.s                        0x00000000   Number         0  libshutdown.o ABSOLUTE
    ../clib/signal.c                         0x00000000   Number         0  defsig_rtmem_outer.o ABSOLUTE
    ../clib/signal.c                         0x00000000   Number         0  defsig_rtmem_formal.o ABSOLUTE
    ../clib/signal.c                         0x00000000   Number         0  defsig_exit.o ABSOLUTE
    ../clib/signal.c                         0x00000000   Number         0  defsig_stak_inner.o ABSOLUTE
    ../clib/signal.c                         0x00000000   Number         0  defsig_pvfn_inner.o ABSOLUTE
    ../clib/signal.c                         0x00000000   Number         0  defsig_cppl_inner.o ABSOLUTE
    ../clib/signal.c                         0x00000000   Number         0  defsig_general.o ABSOLUTE
    ../clib/signal.c                         0x00000000   Number         0  defsig_segv_inner.o ABSOLUTE
    ../clib/signal.c                         0x00000000   Number         0  defsig_fpe_inner.o ABSOLUTE
    ../clib/signal.c                         0x00000000   Number         0  defsig_other.o ABSOLUTE
    ../clib/signal.c                         0x00000000   Number         0  defsig_abrt_inner.o ABSOLUTE
    ../clib/signal.c                         0x00000000   Number         0  __raise.o ABSOLUTE
    ../clib/signal.c                         0x00000000   Number         0  defsig_rtmem_inner.o ABSOLUTE
    ../clib/signal.c                         0x00000000   Number         0  defsig_rtred_inner.o ABSOLUTE
    ../clib/signal.s                         0x00000000   Number         0  defsig.o ABSOLUTE
    ../clib/stdlib.c                         0x00000000   Number         0  exit.o ABSOLUTE
    ../fplib/fpinit.s                        0x00000000   Number         0  fpinit.o ABSOLUTE
    ..\Libraries\STM32F10x_StdPeriph_Driver\src\misc.c 0x00000000   Number         0  misc.o ABSOLUTE
    ..\Libraries\STM32F10x_StdPeriph_Driver\src\stm32f10x_adc.c 0x00000000   Number         0  stm32f10x_adc.o ABSOLUTE
    ..\Libraries\STM32F10x_StdPeriph_Driver\src\stm32f10x_bkp.c 0x00000000   Number         0  stm32f10x_bkp.o ABSOLUTE
    ..\Libraries\STM32F10x_StdPeriph_Driver\src\stm32f10x_can.c 0x00000000   Number         0  stm32f10x_can.o ABSOLUTE
    ..\Libraries\STM32F10x_StdPeriph_Driver\src\stm32f10x_cec.c 0x00000000   Number         0  stm32f10x_cec.o ABSOLUTE
    ..\Libraries\STM32F10x_StdPeriph_Driver\src\stm32f10x_crc.c 0x00000000   Number         0  stm32f10x_crc.o ABSOLUTE
    ..\Libraries\STM32F10x_StdPeriph_Driver\src\stm32f10x_dac.c 0x00000000   Number         0  stm32f10x_dac.o ABSOLUTE
    ..\Libraries\STM32F10x_StdPeriph_Driver\src\stm32f10x_dbgmcu.c 0x00000000   Number         0  stm32f10x_dbgmcu.o ABSOLUTE
    ..\Libraries\STM32F10x_StdPeriph_Driver\src\stm32f10x_dma.c 0x00000000   Number         0  stm32f10x_dma.o ABSOLUTE
    ..\Libraries\STM32F10x_StdPeriph_Driver\src\stm32f10x_exti.c 0x00000000   Number         0  stm32f10x_exti.o ABSOLUTE
    ..\Libraries\STM32F10x_StdPeriph_Driver\src\stm32f10x_flash.c 0x00000000   Number         0  stm32f10x_flash.o ABSOLUTE
    ..\Libraries\STM32F10x_StdPeriph_Driver\src\stm32f10x_fsmc.c 0x00000000   Number         0  stm32f10x_fsmc.o ABSOLUTE
    ..\Libraries\STM32F10x_StdPeriph_Driver\src\stm32f10x_gpio.c 0x00000000   Number         0  stm32f10x_gpio.o ABSOLUTE
    ..\Libraries\STM32F10x_StdPeriph_Driver\src\stm32f10x_i2c.c 0x00000000   Number         0  stm32f10x_i2c.o ABSOLUTE
    ..\Libraries\STM32F10x_StdPeriph_Driver\src\stm32f10x_iwdg.c 0x00000000   Number         0  stm32f10x_iwdg.o ABSOLUTE
    ..\Libraries\STM32F10x_StdPeriph_Driver\src\stm32f10x_pwr.c 0x00000000   Number         0  stm32f10x_pwr.o ABSOLUTE
    ..\Libraries\STM32F10x_StdPeriph_Driver\src\stm32f10x_rcc.c 0x00000000   Number         0  stm32f10x_rcc.o ABSOLUTE
    ..\Libraries\STM32F10x_StdPeriph_Driver\src\stm32f10x_rtc.c 0x00000000   Number         0  stm32f10x_rtc.o ABSOLUTE
    ..\Libraries\STM32F10x_StdPeriph_Driver\src\stm32f10x_sdio.c 0x00000000   Number         0  stm32f10x_sdio.o ABSOLUTE
    ..\Libraries\STM32F10x_StdPeriph_Driver\src\stm32f10x_spi.c 0x00000000   Number         0  stm32f10x_spi.o ABSOLUTE
    ..\Libraries\STM32F10x_StdPeriph_Driver\src\stm32f10x_tim.c 0x00000000   Number         0  stm32f10x_tim.o ABSOLUTE
    ..\Libraries\STM32F10x_StdPeriph_Driver\src\stm32f10x_usart.c 0x00000000   Number         0  stm32f10x_usart.o ABSOLUTE
    ..\Libraries\STM32F10x_StdPeriph_Driver\src\stm32f10x_wwdg.c 0x00000000   Number         0  stm32f10x_wwdg.o ABSOLUTE
    ..\app\app.c                             0x00000000   Number         0  app.o ABSOLUTE
    ..\app\para.c                            0x00000000   Number         0  para.o ABSOLUTE
    ..\hal\hal_beep.c                        0x00000000   Number         0  hal_beep.o ABSOLUTE
    ..\hal\hal_cpu.c                         0x00000000   Number         0  hal_cpu.o ABSOLUTE
    ..\hal\hal_eeprom.c                      0x00000000   Number         0  hal_eeprom.o ABSOLUTE
    ..\hal\hal_key.c                         0x00000000   Number         0  hal_key.o ABSOLUTE
    ..\hal\hal_led.c                         0x00000000   Number         0  hal_led.o ABSOLUTE
    ..\hal\hal_oled.c                        0x00000000   Number         0  hal_oled.o ABSOLUTE
    ..\hal\hal_rfd.c                         0x00000000   Number         0  hal_rfd.o ABSOLUTE
    ..\hal\hal_time.c                        0x00000000   Number         0  hal_time.o ABSOLUTE
    ..\hal\hal_usart.c                       0x00000000   Number         0  hal_usart.o ABSOLUTE
    ..\os\OS_System.c                        0x00000000   Number         0  os_system.o ABSOLUTE
    ..\startup\startup_stm32f10x_md.s        0x00000000   Number         0  startup_stm32f10x_md.o ABSOLUTE
    ..\user\main.c                           0x00000000   Number         0  main.o ABSOLUTE
    ..\user\stm32f10x_it.c                   0x00000000   Number         0  stm32f10x_it.o ABSOLUTE
    ..\user\system_stm32f10x.c               0x00000000   Number         0  system_stm32f10x.o ABSOLUTE
    dc.s                                     0x00000000   Number         0  dc.o ABSOLUTE
    RESET                                    0x08000000   Section      236  startup_stm32f10x_md.o(RESET)
    !!!main                                  0x080000ec   Section        8  __main.o(!!!main)
    !!!scatter                               0x080000f4   Section       52  __scatter.o(!!!scatter)
    !!handler_copy                           0x08000128   Section       26  __scatter_copy.o(!!handler_copy)
    !!handler_zi                             0x08000144   Section       28  __scatter_zi.o(!!handler_zi)
    .ARM.Collect$$libinit$$00000000          0x08000160   Section        2  libinit.o(.ARM.Collect$$libinit$$00000000)
    .ARM.Collect$$libinit$$00000002          0x08000162   Section        0  libinit2.o(.ARM.Collect$$libinit$$00000002)
    .ARM.Collect$$libinit$$00000004          0x08000162   Section        0  libinit2.o(.ARM.Collect$$libinit$$00000004)
    .ARM.Collect$$libinit$$0000000A          0x08000162   Section        0  libinit2.o(.ARM.Collect$$libinit$$0000000A)
    .ARM.Collect$$libinit$$0000000C          0x08000162   Section        0  libinit2.o(.ARM.Collect$$libinit$$0000000C)
    .ARM.Collect$$libinit$$0000000E          0x08000162   Section        0  libinit2.o(.ARM.Collect$$libinit$$0000000E)
    .ARM.Collect$$libinit$$00000011          0x08000162   Section        0  libinit2.o(.ARM.Collect$$libinit$$00000011)
    .ARM.Collect$$libinit$$00000013          0x08000162   Section        0  libinit2.o(.ARM.Collect$$libinit$$00000013)
    .ARM.Collect$$libinit$$00000015          0x08000162   Section        0  libinit2.o(.ARM.Collect$$libinit$$00000015)
    .ARM.Collect$$libinit$$00000017          0x08000162   Section        0  libinit2.o(.ARM.Collect$$libinit$$00000017)
    .ARM.Collect$$libinit$$00000019          0x08000162   Section        0  libinit2.o(.ARM.Collect$$libinit$$00000019)
    .ARM.Collect$$libinit$$0000001B          0x08000162   Section        0  libinit2.o(.ARM.Collect$$libinit$$0000001B)
    .ARM.Collect$$libinit$$0000001D          0x08000162   Section        0  libinit2.o(.ARM.Collect$$libinit$$0000001D)
    .ARM.Collect$$libinit$$0000001F          0x08000162   Section        0  libinit2.o(.ARM.Collect$$libinit$$0000001F)
    .ARM.Collect$$libinit$$00000021          0x08000162   Section        0  libinit2.o(.ARM.Collect$$libinit$$00000021)
    .ARM.Collect$$libinit$$00000023          0x08000162   Section        0  libinit2.o(.ARM.Collect$$libinit$$00000023)
    .ARM.Collect$$libinit$$00000025          0x08000162   Section        0  libinit2.o(.ARM.Collect$$libinit$$00000025)
    .ARM.Collect$$libinit$$0000002C          0x08000162   Section        0  libinit2.o(.ARM.Collect$$libinit$$0000002C)
    .ARM.Collect$$libinit$$0000002E          0x08000162   Section        0  libinit2.o(.ARM.Collect$$libinit$$0000002E)
    .ARM.Collect$$libinit$$00000030          0x08000162   Section        0  libinit2.o(.ARM.Collect$$libinit$$00000030)
    .ARM.Collect$$libinit$$00000032          0x08000162   Section        0  libinit2.o(.ARM.Collect$$libinit$$00000032)
    .ARM.Collect$$libinit$$00000033          0x08000162   Section        2  libinit2.o(.ARM.Collect$$libinit$$00000033)
    .ARM.Collect$$libshutdown$$00000000      0x08000164   Section        2  libshutdown.o(.ARM.Collect$$libshutdown$$00000000)
    .ARM.Collect$$libshutdown$$00000002      0x08000166   Section        0  libshutdown2.o(.ARM.Collect$$libshutdown$$00000002)
    .ARM.Collect$$libshutdown$$00000004      0x08000166   Section        0  libshutdown2.o(.ARM.Collect$$libshutdown$$00000004)
    .ARM.Collect$$libshutdown$$00000007      0x08000166   Section        0  libshutdown2.o(.ARM.Collect$$libshutdown$$00000007)
    .ARM.Collect$$libshutdown$$0000000A      0x08000166   Section        0  libshutdown2.o(.ARM.Collect$$libshutdown$$0000000A)
    .ARM.Collect$$libshutdown$$0000000C      0x08000166   Section        0  libshutdown2.o(.ARM.Collect$$libshutdown$$0000000C)
    .ARM.Collect$$libshutdown$$0000000F      0x08000166   Section        0  libshutdown2.o(.ARM.Collect$$libshutdown$$0000000F)
    .ARM.Collect$$libshutdown$$00000010      0x08000166   Section        2  libshutdown2.o(.ARM.Collect$$libshutdown$$00000010)
    .ARM.Collect$$rtentry$$00000000          0x08000168   Section        0  __rtentry.o(.ARM.Collect$$rtentry$$00000000)
    .ARM.Collect$$rtentry$$00000002          0x08000168   Section        0  __rtentry2.o(.ARM.Collect$$rtentry$$00000002)
    .ARM.Collect$$rtentry$$00000004          0x08000168   Section        6  __rtentry4.o(.ARM.Collect$$rtentry$$00000004)
    .ARM.Collect$$rtentry$$00000009          0x0800016e   Section        0  __rtentry2.o(.ARM.Collect$$rtentry$$00000009)
    .ARM.Collect$$rtentry$$0000000A          0x0800016e   Section        4  __rtentry2.o(.ARM.Collect$$rtentry$$0000000A)
    .ARM.Collect$$rtentry$$0000000C          0x08000172   Section        0  __rtentry2.o(.ARM.Collect$$rtentry$$0000000C)
    .ARM.Collect$$rtentry$$0000000D          0x08000172   Section        8  __rtentry2.o(.ARM.Collect$$rtentry$$0000000D)
    .ARM.Collect$$rtexit$$00000000           0x0800017a   Section        2  rtexit.o(.ARM.Collect$$rtexit$$00000000)
    .ARM.Collect$$rtexit$$00000002           0x0800017c   Section        0  rtexit2.o(.ARM.Collect$$rtexit$$00000002)
    .ARM.Collect$$rtexit$$00000003           0x0800017c   Section        4  rtexit2.o(.ARM.Collect$$rtexit$$00000003)
    .ARM.Collect$$rtexit$$00000004           0x08000180   Section        6  rtexit2.o(.ARM.Collect$$rtexit$$00000004)
    .text                                    0x08000188   Section       64  startup_stm32f10x_md.o(.text)
    .text                                    0x080001c8   Section        0  heapauxi.o(.text)
    .text                                    0x080001ce   Section       74  sys_stackheap_outer.o(.text)
    .text                                    0x08000218   Section        0  exit.o(.text)
    .text                                    0x0800022c   Section        8  libspace.o(.text)
    .text                                    0x08000234   Section        0  sys_exit.o(.text)
    .text                                    0x08000240   Section        2  use_no_semi.o(.text)
    .text                                    0x08000242   Section        0  indicate_semi.o(.text)
    i.AppInit                                0x08000244   Section        0  app.o(i.AppInit)
    i.AppProc                                0x08000298   Section        0  app.o(i.AppProc)
    i.BusFault_Handler                       0x080004a4   Section        0  stm32f10x_it.o(i.BusFault_Handler)
    i.CreatDtc                               0x080004a8   Section        0  para.o(i.CreatDtc)
    CreatDtc                                 0x080004a9   Thumb Code   330  para.o(i.CreatDtc)
    i.DMA1_Channel4_IRQHandler               0x080005f8   Section        0  hal_usart.o(i.DMA1_Channel4_IRQHandler)
    i.DMA1_Channel7_IRQHandler               0x08000624   Section        0  stm32f10x_it.o(i.DMA1_Channel7_IRQHandler)
    i.DMA_ClearITPendingBit                  0x0800063c   Section        0  stm32f10x_dma.o(i.DMA_ClearITPendingBit)
    i.DMA_Cmd                                0x08000658   Section        0  stm32f10x_dma.o(i.DMA_Cmd)
    i.DMA_DeInit                             0x08000670   Section        0  stm32f10x_dma.o(i.DMA_DeInit)
    i.DMA_GetITStatus                        0x080007bc   Section        0  stm32f10x_dma.o(i.DMA_GetITStatus)
    i.DMA_ITConfig                           0x080007e8   Section        0  stm32f10x_dma.o(i.DMA_ITConfig)
    i.DMA_Init                               0x080007fa   Section        0  stm32f10x_dma.o(i.DMA_Init)
    i.DebugMon_Handler                       0x08000836   Section        0  stm32f10x_it.o(i.DebugMon_Handler)
    i.FactoryReset                           0x08000838   Section        0  para.o(i.FactoryReset)
    i.GPIO_Init                              0x080008e4   Section        0  stm32f10x_gpio.o(i.GPIO_Init)
    i.GPIO_PinRemapConfig                    0x080009fc   Section        0  stm32f10x_gpio.o(i.GPIO_PinRemapConfig)
    i.GPIO_ReadInputDataBit                  0x08000a8c   Section        0  stm32f10x_gpio.o(i.GPIO_ReadInputDataBit)
    i.GPIO_ResetBits                         0x08000a9e   Section        0  stm32f10x_gpio.o(i.GPIO_ResetBits)
    i.GPIO_SetBits                           0x08000aa2   Section        0  stm32f10x_gpio.o(i.GPIO_SetBits)
    i.Hal_TimerHandle                        0x08000aa8   Section        0  hal_time.o(i.Hal_TimerHandle)
    Hal_TimerHandle                          0x08000aa9   Thumb Code   136  hal_time.o(i.Hal_TimerHandle)
    i.HardFault_Handler                      0x08000b34   Section        0  stm32f10x_it.o(i.HardFault_Handler)
    i.I2C_Ack                                0x08000b38   Section        0  hal_eeprom.o(i.I2C_Ack)
    I2C_Ack                                  0x08000b39   Thumb Code    52  hal_eeprom.o(i.I2C_Ack)
    i.I2C_NoAck                              0x08000b6c   Section        0  hal_eeprom.o(i.I2C_NoAck)
    I2C_NoAck                                0x08000b6d   Thumb Code    52  hal_eeprom.o(i.I2C_NoAck)
    i.I2C_PageWrite                          0x08000ba0   Section        0  hal_eeprom.o(i.I2C_PageWrite)
    i.I2C_Read                               0x08000d00   Section        0  hal_eeprom.o(i.I2C_Read)
    i.I2C_ReceiveByte                        0x08000d64   Section        0  hal_eeprom.o(i.I2C_ReceiveByte)
    I2C_ReceiveByte                          0x08000d65   Thumb Code    94  hal_eeprom.o(i.I2C_ReceiveByte)
    i.I2C_SendByte                           0x08000dc2   Section        0  hal_eeprom.o(i.I2C_SendByte)
    I2C_SendByte                             0x08000dc3   Thumb Code   100  hal_eeprom.o(i.I2C_SendByte)
    i.I2C_Start                              0x08000e26   Section        0  hal_eeprom.o(i.I2C_Start)
    I2C_Start                                0x08000e27   Thumb Code    40  hal_eeprom.o(i.I2C_Start)
    i.I2C_Stop                               0x08000e4e   Section        0  hal_eeprom.o(i.I2C_Stop)
    I2C_Stop                                 0x08000e4f   Thumb Code    40  hal_eeprom.o(i.I2C_Stop)
    i.I2C_WaitAck                            0x08000e76   Section        0  hal_eeprom.o(i.I2C_WaitAck)
    I2C_WaitAck                              0x08000e77   Thumb Code    58  hal_eeprom.o(i.I2C_WaitAck)
    i.I2C_delay                              0x08000eb0   Section        0  hal_eeprom.o(i.I2C_delay)
    I2C_delay                                0x08000eb1   Thumb Code    30  hal_eeprom.o(i.I2C_delay)
    i.KeyEventHandle                         0x08000ece   Section        0  app.o(i.KeyEventHandle)
    KeyEventHandle                           0x08000ecf   Thumb Code   112  app.o(i.KeyEventHandle)
    i.LedMsgInput                            0x08000f40   Section        0  hal_led.o(i.LedMsgInput)
    i.MemManage_Handler                      0x08000fa8   Section        0  stm32f10x_it.o(i.MemManage_Handler)
    i.NMI_Handler                            0x08000fac   Section        0  stm32f10x_it.o(i.NMI_Handler)
    i.NVIC_Init                              0x08000fb0   Section        0  misc.o(i.NVIC_Init)
    i.NVIC_PriorityGroupConfig               0x08001020   Section        0  misc.o(i.NVIC_PriorityGroupConfig)
    i.OS_CPUInterruptCBSRegister             0x08001034   Section        0  os_system.o(i.OS_CPUInterruptCBSRegister)
    i.OS_ClockInterruptHandle                0x08001044   Section        0  os_system.o(i.OS_ClockInterruptHandle)
    i.OS_CreatTask                           0x080010ac   Section        0  os_system.o(i.OS_CreatTask)
    i.OS_Start                               0x080010f0   Section        0  os_system.o(i.OS_Start)
    i.OS_TaskInit                            0x0800112c   Section        0  os_system.o(i.OS_TaskInit)
    i.ParaCheck                              0x08001168   Section        0  para.o(i.ParaCheck)
    ParaCheck                                0x08001169   Thumb Code   114  para.o(i.ParaCheck)
    i.ParaInit                               0x080011e0   Section        0  para.o(i.ParaInit)
    i.PendSV_Handler                         0x08001200   Section        0  stm32f10x_it.o(i.PendSV_Handler)
    i.RCC_AHBPeriphClockCmd                  0x08001204   Section        0  stm32f10x_rcc.o(i.RCC_AHBPeriphClockCmd)
    i.RCC_APB1PeriphClockCmd                 0x08001224   Section        0  stm32f10x_rcc.o(i.RCC_APB1PeriphClockCmd)
    i.RCC_APB1PeriphResetCmd                 0x08001244   Section        0  stm32f10x_rcc.o(i.RCC_APB1PeriphResetCmd)
    i.RCC_APB2PeriphClockCmd                 0x08001264   Section        0  stm32f10x_rcc.o(i.RCC_APB2PeriphClockCmd)
    i.RCC_APB2PeriphResetCmd                 0x08001284   Section        0  stm32f10x_rcc.o(i.RCC_APB2PeriphResetCmd)
    i.RCC_GetClocksFreq                      0x080012a4   Section        0  stm32f10x_rcc.o(i.RCC_GetClocksFreq)
    i.RFD_CodeHandle                         0x08001378   Section        0  hal_rfd.o(i.RFD_CodeHandle)
    i.RfdRcvHandle                           0x080013f4   Section        0  app.o(i.RfdRcvHandle)
    RfdRcvHandle                             0x080013f5   Thumb Code    48  app.o(i.RfdRcvHandle)
    i.SPI_Cmd                                0x08001428   Section        0  stm32f10x_spi.o(i.SPI_Cmd)
    i.SPI_Init                               0x08001440   Section        0  stm32f10x_spi.o(i.SPI_Init)
    i.SVC_Handler                            0x0800147c   Section        0  stm32f10x_it.o(i.SVC_Handler)
    i.S_QueueDataIn                          0x08001480   Section        0  os_system.o(i.S_QueueDataIn)
    i.S_QueueDataLen                         0x080014fc   Section        0  os_system.o(i.S_QueueDataLen)
    i.S_QueueDataOut                         0x0800152c   Section        0  os_system.o(i.S_QueueDataOut)
    i.S_QueueEmpty                           0x08001594   Section        0  os_system.o(i.S_QueueEmpty)
    i.SetSysClock                            0x0800159a   Section        0  system_stm32f10x.o(i.SetSysClock)
    SetSysClock                              0x0800159b   Thumb Code     8  system_stm32f10x.o(i.SetSysClock)
    i.SetSysClockTo72                        0x080015a4   Section        0  system_stm32f10x.o(i.SetSysClockTo72)
    SetSysClockTo72                          0x080015a5   Thumb Code   214  system_stm32f10x.o(i.SetSysClockTo72)
    i.SysTick_Handler                        0x08001684   Section        0  hal_cpu.o(i.SysTick_Handler)
    i.SystemInit                             0x0800168c   Section        0  system_stm32f10x.o(i.SystemInit)
    i.TIM3_IRQHandler                        0x080016ec   Section        0  stm32f10x_it.o(i.TIM3_IRQHandler)
    i.TIM4_IRQHandler                        0x080016fc   Section        0  hal_time.o(i.TIM4_IRQHandler)
    i.TIM_ClearFlag                          0x08001710   Section        0  stm32f10x_tim.o(i.TIM_ClearFlag)
    i.TIM_Cmd                                0x08001716   Section        0  stm32f10x_tim.o(i.TIM_Cmd)
    i.TIM_DeInit                             0x08001730   Section        0  stm32f10x_tim.o(i.TIM_DeInit)
    i.TIM_ITConfig                           0x08001918   Section        0  stm32f10x_tim.o(i.TIM_ITConfig)
    i.TIM_OC1Init                            0x0800192c   Section        0  stm32f10x_tim.o(i.TIM_OC1Init)
    i.TIM_OC1PreloadConfig                   0x080019c4   Section        0  stm32f10x_tim.o(i.TIM_OC1PreloadConfig)
    i.TIM_SetAutoreload                      0x080019d6   Section        0  stm32f10x_tim.o(i.TIM_SetAutoreload)
    i.TIM_SetCompare1                        0x080019da   Section        0  stm32f10x_tim.o(i.TIM_SetCompare1)
    i.TIM_SetCounter                         0x080019de   Section        0  stm32f10x_tim.o(i.TIM_SetCounter)
    i.TIM_TimeBaseInit                       0x080019e4   Section        0  stm32f10x_tim.o(i.TIM_TimeBaseInit)
    i.USART1_IRQHandler                      0x08001a88   Section        0  hal_usart.o(i.USART1_IRQHandler)
    i.USART2_IRQHandler                      0x08001ad0   Section        0  hal_usart.o(i.USART2_IRQHandler)
    i.USART_ClearITPendingBit                0x08001b34   Section        0  stm32f10x_usart.o(i.USART_ClearITPendingBit)
    i.USART_Cmd                              0x08001b52   Section        0  stm32f10x_usart.o(i.USART_Cmd)
    i.USART_DMACmd                           0x08001b6a   Section        0  stm32f10x_usart.o(i.USART_DMACmd)
    i.USART_GetITStatus                      0x08001b7c   Section        0  stm32f10x_usart.o(i.USART_GetITStatus)
    i.USART_ITConfig                         0x08001bd0   Section        0  stm32f10x_usart.o(i.USART_ITConfig)
    i.USART_Init                             0x08001c1c   Section        0  stm32f10x_usart.o(i.USART_Init)
    i.USART_ReceiveData                      0x08001cf4   Section        0  stm32f10x_usart.o(i.USART_ReceiveData)
    i.UsageFault_Handler                     0x08001cfe   Section        0  stm32f10x_it.o(i.UsageFault_Handler)
    i.hal_BeepConfig                         0x08001d04   Section        0  hal_beep.o(i.hal_BeepConfig)
    hal_BeepConfig                           0x08001d05   Thumb Code   198  hal_beep.o(i.hal_BeepConfig)
    i.hal_BeepInit                           0x08001de8   Section        0  hal_beep.o(i.hal_BeepInit)
    i.hal_BeepPwmCtrl                        0x08001e08   Section        0  hal_beep.o(i.hal_BeepPwmCtrl)
    i.hal_BeepPwmHandle                      0x08001e28   Section        0  hal_beep.o(i.hal_BeepPwmHandle)
    hal_BeepPwmHandle                        0x08001e29   Thumb Code    80  hal_beep.o(i.hal_BeepPwmHandle)
    i.hal_BuzDrive                           0x08001e84   Section        0  hal_led.o(i.hal_BuzDrive)
    hal_BuzDrive                             0x08001e85   Thumb Code    26  hal_led.o(i.hal_BuzDrive)
    i.hal_CPUInit                            0x08001ea4   Section        0  hal_cpu.o(i.hal_CPUInit)
    i.hal_CPU_Critical_Control               0x08001eb8   Section        0  hal_cpu.o(i.hal_CPU_Critical_Control)
    hal_CPU_Critical_Control                 0x08001eb9   Thumb Code    34  hal_cpu.o(i.hal_CPU_Critical_Control)
    i.hal_CoreClockInit                      0x08001edc   Section        0  hal_cpu.o(i.hal_CoreClockInit)
    hal_CoreClockInit                        0x08001edd   Thumb Code    82  hal_cpu.o(i.hal_CoreClockInit)
    i.hal_CreatTimer                         0x08001f3c   Section        0  hal_time.o(i.hal_CreatTimer)
    i.hal_DMAC4_Enable                       0x08001f74   Section        0  hal_usart.o(i.hal_DMAC4_Enable)
    hal_DMAC4_Enable                         0x08001f75   Thumb Code    26  hal_usart.o(i.hal_DMAC4_Enable)
    i.hal_DMA_Config                         0x08001f94   Section        0  hal_usart.o(i.hal_DMA_Config)
    hal_DMA_Config                           0x08001f95   Thumb Code   122  hal_usart.o(i.hal_DMA_Config)
    i.hal_GetRFDIOSta                        0x0800201c   Section        0  hal_rfd.o(i.hal_GetRFDIOSta)
    hal_GetRFDIOSta                          0x0800201d   Thumb Code    14  hal_rfd.o(i.hal_GetRFDIOSta)
    i.hal_GetTimerState                      0x08002030   Section        0  hal_time.o(i.hal_GetTimerState)
    i.hal_I2CConfig                          0x08002054   Section        0  hal_eeprom.o(i.hal_I2CConfig)
    hal_I2CConfig                            0x08002055   Thumb Code    52  hal_eeprom.o(i.hal_I2CConfig)
    i.hal_I2C_SCL                            0x0800208c   Section        0  hal_eeprom.o(i.hal_I2C_SCL)
    i.hal_I2C_SDA                            0x080020b0   Section        0  hal_eeprom.o(i.hal_I2C_SDA)
    i.hal_I2C_SDA_INPUT                      0x080020d4   Section        0  hal_eeprom.o(i.hal_I2C_SDA_INPUT)
    i.hal_I2C_SDA_IO_Set                     0x080020e8   Section        0  hal_eeprom.o(i.hal_I2C_SDA_IO_Set)
    i.hal_KeyInit                            0x08002144   Section        0  hal_key.o(i.hal_KeyInit)
    i.hal_KeyProc                            0x08002190   Section        0  hal_key.o(i.hal_KeyProc)
    i.hal_KeyScanCBSRegister                 0x080022d8   Section        0  hal_key.o(i.hal_KeyScanCBSRegister)
    i.hal_Led1Drive                          0x080022e8   Section        0  hal_led.o(i.hal_Led1Drive)
    hal_Led1Drive                            0x080022e9   Thumb Code    26  hal_led.o(i.hal_Led1Drive)
    i.hal_LedHandle                          0x08002308   Section        0  hal_led.o(i.hal_LedHandle)
    hal_LedHandle                            0x08002309   Thumb Code   162  hal_led.o(i.hal_LedHandle)
    i.hal_LedInit                            0x080023bc   Section        0  hal_led.o(i.hal_LedInit)
    i.hal_LedProc                            0x08002440   Section        0  hal_led.o(i.hal_LedProc)
    i.hal_OledConfig                         0x08002584   Section        0  hal_oled.o(i.hal_OledConfig)
    hal_OledConfig                           0x08002585   Thumb Code   200  hal_oled.o(i.hal_OledConfig)
    i.hal_OledInit                           0x08002654   Section        0  hal_oled.o(i.hal_OledInit)
    i.hal_Oled_Clear                         0x0800275c   Section        0  hal_oled.o(i.hal_Oled_Clear)
    i.hal_Oled_Delay                         0x0800278c   Section        0  hal_oled.o(i.hal_Oled_Delay)
    hal_Oled_Delay                           0x0800278d   Thumb Code    34  hal_oled.o(i.hal_Oled_Delay)
    i.hal_Oled_DrawPoint                     0x080027b0   Section        0  hal_oled.o(i.hal_Oled_DrawPoint)
    hal_Oled_DrawPoint                       0x080027b1   Thumb Code   114  hal_oled.o(i.hal_Oled_DrawPoint)
    i.hal_Oled_Refresh                       0x08002828   Section        0  hal_oled.o(i.hal_Oled_Refresh)
    i.hal_Oled_ShowChar                      0x08002874   Section        0  hal_oled.o(i.hal_Oled_ShowChar)
    i.hal_Oled_ShowString                    0x080029b0   Section        0  hal_oled.o(i.hal_Oled_ShowString)
    i.hal_Oled_WR_Byte                       0x080029fc   Section        0  hal_oled.o(i.hal_Oled_WR_Byte)
    hal_Oled_WR_Byte                         0x080029fd   Thumb Code    70  hal_oled.o(i.hal_Oled_WR_Byte)
    i.hal_PulseAQT_Handle                    0x08002a4c   Section        0  hal_rfd.o(i.hal_PulseAQT_Handle)
    hal_PulseAQT_Handle                      0x08002a4d   Thumb Code    96  hal_rfd.o(i.hal_PulseAQT_Handle)
    i.hal_RFCRcvCBSRegister                  0x08002ab8   Section        0  hal_rfd.o(i.hal_RFCRcvCBSRegister)
    i.hal_RFDConfig                          0x08002ac8   Section        0  hal_rfd.o(i.hal_RFDConfig)
    hal_RFDConfig                            0x08002ac9   Thumb Code    40  hal_rfd.o(i.hal_RFDConfig)
    i.hal_RFDDecodeFlt_Handle                0x08002af4   Section        0  hal_rfd.o(i.hal_RFDDecodeFlt_Handle)
    hal_RFDDecodeFlt_Handle                  0x08002af5   Thumb Code     8  hal_rfd.o(i.hal_RFDDecodeFlt_Handle)
    i.hal_RFDInit                            0x08002b00   Section        0  hal_rfd.o(i.hal_RFDInit)
    i.hal_RFDProc                            0x08002b88   Section        0  hal_rfd.o(i.hal_RFDProc)
    i.hal_ResetTimer                         0x08003068   Section        0  hal_time.o(i.hal_ResetTimer)
    i.hal_TimeInit                           0x0800309c   Section        0  hal_time.o(i.hal_TimeInit)
    i.hal_Timer4Config                       0x080030e0   Section        0  hal_time.o(i.hal_Timer4Config)
    hal_Timer4Config                         0x080030e1   Thumb Code   128  hal_time.o(i.hal_Timer4Config)
    i.hal_UsartInit                          0x0800316c   Section        0  hal_usart.o(i.hal_UsartInit)
    i.hal_UsartProc                          0x08003190   Section        0  hal_usart.o(i.hal_UsartProc)
    i.hal_debugProc                          0x08003198   Section        0  hal_usart.o(i.hal_debugProc)
    hal_debugProc                            0x08003199   Thumb Code    76  hal_usart.o(i.hal_debugProc)
    i.hal_eepromInit                         0x080031f0   Section        0  hal_eeprom.o(i.hal_eepromInit)
    i.hal_getKey1Sta                         0x080031f8   Section        0  hal_key.o(i.hal_getKey1Sta)
    hal_getKey1Sta                           0x080031f9   Thumb Code    20  hal_key.o(i.hal_getKey1Sta)
    i.hal_getKey2Sta                         0x08003210   Section        0  hal_key.o(i.hal_getKey2Sta)
    hal_getKey2Sta                           0x08003211   Thumb Code    20  hal_key.o(i.hal_getKey2Sta)
    i.hal_getKey3Sta                         0x08003228   Section        0  hal_key.o(i.hal_getKey3Sta)
    hal_getKey3Sta                           0x08003229   Thumb Code    20  hal_key.o(i.hal_getKey3Sta)
    i.hal_getKey4Sta                         0x08003240   Section        0  hal_key.o(i.hal_getKey4Sta)
    hal_getKey4Sta                           0x08003241   Thumb Code    20  hal_key.o(i.hal_getKey4Sta)
    i.hal_getKey5Sta                         0x08003258   Section        0  hal_key.o(i.hal_getKey5Sta)
    hal_getKey5Sta                           0x08003259   Thumb Code    22  hal_key.o(i.hal_getKey5Sta)
    i.hal_getKey6Sta                         0x08003274   Section        0  hal_key.o(i.hal_getKey6Sta)
    hal_getKey6Sta                           0x08003275   Thumb Code    22  hal_key.o(i.hal_getKey6Sta)
    i.hal_getprimask                         0x08003290   Section        0  hal_cpu.o(i.hal_getprimask)
    hal_getprimask                           0x08003291   Thumb Code    16  hal_cpu.o(i.hal_getprimask)
    i.hal_keyConfig                          0x080032a0   Section        0  hal_key.o(i.hal_keyConfig)
    hal_keyConfig                            0x080032a1   Thumb Code   180  hal_key.o(i.hal_keyConfig)
    i.hal_ledConfig                          0x0800335c   Section        0  hal_led.o(i.hal_ledConfig)
    hal_ledConfig                            0x0800335d   Thumb Code    88  hal_led.o(i.hal_ledConfig)
    i.hal_usart_Config                       0x080033bc   Section        0  hal_usart.o(i.hal_usart_Config)
    hal_usart_Config                         0x080033bd   Thumb Code   366  hal_usart.o(i.hal_usart_Config)
    i.main                                   0x08003538   Section        0  main.o(i.main)
    .constdata                               0x080035b4   Section     6632  hal_oled.o(.constdata)
    .data                                    0x20000000   Section       20  system_stm32f10x.o(.data)
    .data                                    0x20000014   Section       20  stm32f10x_rcc.o(.data)
    APBAHBPrescTable                         0x20000014   Data          16  stm32f10x_rcc.o(.data)
    ADCPrescTable                            0x20000024   Data           4  stm32f10x_rcc.o(.data)
    .data                                    0x20000028   Section      110  hal_led.o(.data)
    .data                                    0x20000098   Section       35  hal_key.o(.data)
    .data                                    0x200000bc   Section       35  hal_rfd.o(.data)
    Time1                                    0x200000ca   Data           2  hal_rfd.o(.data)
    Time2                                    0x200000cc   Data           2  hal_rfd.o(.data)
    ReadDataFlag                             0x200000ce   Data           1  hal_rfd.o(.data)
    Len                                      0x200000cf   Data           1  hal_rfd.o(.data)
    Code                                     0x200000d0   Data           3  hal_rfd.o(.data)
    CodeTempBuff                             0x200000d3   Data           3  hal_rfd.o(.data)
    Dsta                                     0x200000d6   Data           1  hal_rfd.o(.data)
    Count                                    0x200000d8   Data           2  hal_rfd.o(.data)
    tBuff                                    0x200000da   Data           3  hal_rfd.o(.data)
    Temp                                     0x200000dd   Data           1  hal_rfd.o(.data)
    Count1                                   0x200000de   Data           1  hal_rfd.o(.data)
    .data                                    0x200000df   Section        1  hal_usart.o(.data)
    .data                                    0x200000e0   Section       61  hal_beep.o(.data)
    i                                        0x2000011c   Data           1  hal_beep.o(.data)
    .data                                    0x20000120   Section        4  os_system.o(.data)
    .bss                                     0x20000124   Section       32  hal_led.o(.bss)
    .bss                                     0x20000144   Section       48  hal_time.o(.bss)
    .bss                                     0x20000174   Section       36  hal_key.o(.bss)
    .bss                                     0x20000198   Section     1024  hal_oled.o(.bss)
    .bss                                     0x20000598   Section      108  hal_rfd.o(.bss)
    .bss                                     0x20000604   Section      668  hal_usart.o(.bss)
    .bss                                     0x200008a0   Section       60  os_system.o(.bss)
    .bss                                     0x200008dc   Section       20  app.o(.bss)
    .bss                                     0x200008f0   Section      480  para.o(.bss)
    .bss                                     0x20000ad0   Section       96  libspace.o(.bss)
    HEAP                                     0x20000b30   Section      512  startup_stm32f10x_md.o(HEAP)
    Heap_Mem                                 0x20000b30   Data         512  startup_stm32f10x_md.o(HEAP)
    STACK                                    0x20000d30   Section     1024  startup_stm32f10x_md.o(STACK)
    Stack_Mem                                0x20000d30   Data        1024  startup_stm32f10x_md.o(STACK)
    __initial_sp                             0x20001130   Data           0  startup_stm32f10x_md.o(STACK)

    Global Symbols

    Symbol Name                              Value     Ov Type        Size  Object(Section)

    BuildAttributes$$THM_ISAv4$P$D$K$B$S$PE$A:L22UL41UL21$X:L11$S22US41US21$IEEE1$IW$USESV6$~STKCKD$USESV7$~SHL$OSPACE$ROPI$EBA8$UX$STANDARDLIB$REQ8$PRES8$EABIv2 0x00000000   Number         0  anon$$obj.o ABSOLUTE
    __ARM_use_no_argv                        0x00000000   Number         0  main.o ABSOLUTE
    __ARM_exceptions_init                     - Undefined Weak Reference
    __alloca_initialize                       - Undefined Weak Reference
    __arm_preinit_                            - Undefined Weak Reference
    __cpp_initialize__aeabi_                  - Undefined Weak Reference
    __cxa_finalize                            - Undefined Weak Reference
    __rt_locale                               - Undefined Weak Reference
    __sigvec_lookup                           - Undefined Weak Reference
    _atexit_init                              - Undefined Weak Reference
    _call_atexit_fns                          - Undefined Weak Reference
    _clock_init                               - Undefined Weak Reference
    _fp_trap_init                             - Undefined Weak Reference
    _fp_trap_shutdown                         - Undefined Weak Reference
    _get_lc_collate                           - Undefined Weak Reference
    _get_lc_ctype                             - Undefined Weak Reference
    _get_lc_monetary                          - Undefined Weak Reference
    _get_lc_numeric                           - Undefined Weak Reference
    _get_lc_time                              - Undefined Weak Reference
    _getenv_init                              - Undefined Weak Reference
    _handle_redirection                       - Undefined Weak Reference
    _init_alloc                               - Undefined Weak Reference
    _init_user_alloc                          - Undefined Weak Reference
    _initio                                   - Undefined Weak Reference
    _rand_init                                - Undefined Weak Reference
    _signal_finish                            - Undefined Weak Reference
    _signal_init                              - Undefined Weak Reference
    _terminate_alloc                          - Undefined Weak Reference
    _terminate_user_alloc                     - Undefined Weak Reference
    _terminateio                              - Undefined Weak Reference
    __Vectors_Size                           0x000000ec   Number         0  startup_stm32f10x_md.o ABSOLUTE
    __Vectors                                0x08000000   Data           4  startup_stm32f10x_md.o(RESET)
    __Vectors_End                            0x080000ec   Data           0  startup_stm32f10x_md.o(RESET)
    __main                                   0x080000ed   Thumb Code     8  __main.o(!!!main)
    __scatterload                            0x080000f5   Thumb Code     0  __scatter.o(!!!scatter)
    __scatterload_rt2                        0x080000f5   Thumb Code    44  __scatter.o(!!!scatter)
    __scatterload_rt2_thumb_only             0x080000f5   Thumb Code     0  __scatter.o(!!!scatter)
    __scatterload_null                       0x08000103   Thumb Code     0  __scatter.o(!!!scatter)
    __scatterload_copy                       0x08000129   Thumb Code    26  __scatter_copy.o(!!handler_copy)
    __scatterload_zeroinit                   0x08000145   Thumb Code    28  __scatter_zi.o(!!handler_zi)
    __rt_lib_init                            0x08000161   Thumb Code     0  libinit.o(.ARM.Collect$$libinit$$00000000)
    __rt_lib_init_alloca_1                   0x08000163   Thumb Code     0  libinit2.o(.ARM.Collect$$libinit$$0000002E)
    __rt_lib_init_argv_1                     0x08000163   Thumb Code     0  libinit2.o(.ARM.Collect$$libinit$$0000002C)
    __rt_lib_init_atexit_1                   0x08000163   Thumb Code     0  libinit2.o(.ARM.Collect$$libinit$$0000001B)
    __rt_lib_init_clock_1                    0x08000163   Thumb Code     0  libinit2.o(.ARM.Collect$$libinit$$00000021)
    __rt_lib_init_cpp_1                      0x08000163   Thumb Code     0  libinit2.o(.ARM.Collect$$libinit$$00000032)
    __rt_lib_init_exceptions_1               0x08000163   Thumb Code     0  libinit2.o(.ARM.Collect$$libinit$$00000030)
    __rt_lib_init_fp_1                       0x08000163   Thumb Code     0  libinit2.o(.ARM.Collect$$libinit$$00000002)
    __rt_lib_init_fp_trap_1                  0x08000163   Thumb Code     0  libinit2.o(.ARM.Collect$$libinit$$0000001F)
    __rt_lib_init_getenv_1                   0x08000163   Thumb Code     0  libinit2.o(.ARM.Collect$$libinit$$00000023)
    __rt_lib_init_heap_1                     0x08000163   Thumb Code     0  libinit2.o(.ARM.Collect$$libinit$$0000000A)
    __rt_lib_init_lc_collate_1               0x08000163   Thumb Code     0  libinit2.o(.ARM.Collect$$libinit$$00000011)
    __rt_lib_init_lc_ctype_1                 0x08000163   Thumb Code     0  libinit2.o(.ARM.Collect$$libinit$$00000013)
    __rt_lib_init_lc_monetary_1              0x08000163   Thumb Code     0  libinit2.o(.ARM.Collect$$libinit$$00000015)
    __rt_lib_init_lc_numeric_1               0x08000163   Thumb Code     0  libinit2.o(.ARM.Collect$$libinit$$00000017)
    __rt_lib_init_lc_time_1                  0x08000163   Thumb Code     0  libinit2.o(.ARM.Collect$$libinit$$00000019)
    __rt_lib_init_preinit_1                  0x08000163   Thumb Code     0  libinit2.o(.ARM.Collect$$libinit$$00000004)
    __rt_lib_init_rand_1                     0x08000163   Thumb Code     0  libinit2.o(.ARM.Collect$$libinit$$0000000E)
    __rt_lib_init_return                     0x08000163   Thumb Code     0  libinit2.o(.ARM.Collect$$libinit$$00000033)
    __rt_lib_init_signal_1                   0x08000163   Thumb Code     0  libinit2.o(.ARM.Collect$$libinit$$0000001D)
    __rt_lib_init_stdio_1                    0x08000163   Thumb Code     0  libinit2.o(.ARM.Collect$$libinit$$00000025)
    __rt_lib_init_user_alloc_1               0x08000163   Thumb Code     0  libinit2.o(.ARM.Collect$$libinit$$0000000C)
    __rt_lib_shutdown                        0x08000165   Thumb Code     0  libshutdown.o(.ARM.Collect$$libshutdown$$00000000)
    __rt_lib_shutdown_cpp_1                  0x08000167   Thumb Code     0  libshutdown2.o(.ARM.Collect$$libshutdown$$00000002)
    __rt_lib_shutdown_fp_trap_1              0x08000167   Thumb Code     0  libshutdown2.o(.ARM.Collect$$libshutdown$$00000007)
    __rt_lib_shutdown_heap_1                 0x08000167   Thumb Code     0  libshutdown2.o(.ARM.Collect$$libshutdown$$0000000F)
    __rt_lib_shutdown_return                 0x08000167   Thumb Code     0  libshutdown2.o(.ARM.Collect$$libshutdown$$00000010)
    __rt_lib_shutdown_signal_1               0x08000167   Thumb Code     0  libshutdown2.o(.ARM.Collect$$libshutdown$$0000000A)
    __rt_lib_shutdown_stdio_1                0x08000167   Thumb Code     0  libshutdown2.o(.ARM.Collect$$libshutdown$$00000004)
    __rt_lib_shutdown_user_alloc_1           0x08000167   Thumb Code     0  libshutdown2.o(.ARM.Collect$$libshutdown$$0000000C)
    __rt_entry                               0x08000169   Thumb Code     0  __rtentry.o(.ARM.Collect$$rtentry$$00000000)
    __rt_entry_presh_1                       0x08000169   Thumb Code     0  __rtentry2.o(.ARM.Collect$$rtentry$$00000002)
    __rt_entry_sh                            0x08000169   Thumb Code     0  __rtentry4.o(.ARM.Collect$$rtentry$$00000004)
    __rt_entry_li                            0x0800016f   Thumb Code     0  __rtentry2.o(.ARM.Collect$$rtentry$$0000000A)
    __rt_entry_postsh_1                      0x0800016f   Thumb Code     0  __rtentry2.o(.ARM.Collect$$rtentry$$00000009)
    __rt_entry_main                          0x08000173   Thumb Code     0  __rtentry2.o(.ARM.Collect$$rtentry$$0000000D)
    __rt_entry_postli_1                      0x08000173   Thumb Code     0  __rtentry2.o(.ARM.Collect$$rtentry$$0000000C)
    __rt_exit                                0x0800017b   Thumb Code     0  rtexit.o(.ARM.Collect$$rtexit$$00000000)
    __rt_exit_ls                             0x0800017d   Thumb Code     0  rtexit2.o(.ARM.Collect$$rtexit$$00000003)
    __rt_exit_prels_1                        0x0800017d   Thumb Code     0  rtexit2.o(.ARM.Collect$$rtexit$$00000002)
    __rt_exit_exit                           0x08000181   Thumb Code     0  rtexit2.o(.ARM.Collect$$rtexit$$00000004)
    Reset_Handler                            0x08000189   Thumb Code     8  startup_stm32f10x_md.o(.text)
    ADC1_2_IRQHandler                        0x080001a3   Thumb Code     0  startup_stm32f10x_md.o(.text)
    CAN1_RX1_IRQHandler                      0x080001a3   Thumb Code     0  startup_stm32f10x_md.o(.text)
    CAN1_SCE_IRQHandler                      0x080001a3   Thumb Code     0  startup_stm32f10x_md.o(.text)
    DMA1_Channel1_IRQHandler                 0x080001a3   Thumb Code     0  startup_stm32f10x_md.o(.text)
    DMA1_Channel2_IRQHandler                 0x080001a3   Thumb Code     0  startup_stm32f10x_md.o(.text)
    DMA1_Channel3_IRQHandler                 0x080001a3   Thumb Code     0  startup_stm32f10x_md.o(.text)
    DMA1_Channel5_IRQHandler                 0x080001a3   Thumb Code     0  startup_stm32f10x_md.o(.text)
    DMA1_Channel6_IRQHandler                 0x080001a3   Thumb Code     0  startup_stm32f10x_md.o(.text)
    EXTI0_IRQHandler                         0x080001a3   Thumb Code     0  startup_stm32f10x_md.o(.text)
    EXTI15_10_IRQHandler                     0x080001a3   Thumb Code     0  startup_stm32f10x_md.o(.text)
    EXTI1_IRQHandler                         0x080001a3   Thumb Code     0  startup_stm32f10x_md.o(.text)
    EXTI2_IRQHandler                         0x080001a3   Thumb Code     0  startup_stm32f10x_md.o(.text)
    EXTI3_IRQHandler                         0x080001a3   Thumb Code     0  startup_stm32f10x_md.o(.text)
    EXTI4_IRQHandler                         0x080001a3   Thumb Code     0  startup_stm32f10x_md.o(.text)
    EXTI9_5_IRQHandler                       0x080001a3   Thumb Code     0  startup_stm32f10x_md.o(.text)
    FLASH_IRQHandler                         0x080001a3   Thumb Code     0  startup_stm32f10x_md.o(.text)
    I2C1_ER_IRQHandler                       0x080001a3   Thumb Code     0  startup_stm32f10x_md.o(.text)
    I2C1_EV_IRQHandler                       0x080001a3   Thumb Code     0  startup_stm32f10x_md.o(.text)
    I2C2_ER_IRQHandler                       0x080001a3   Thumb Code     0  startup_stm32f10x_md.o(.text)
    I2C2_EV_IRQHandler                       0x080001a3   Thumb Code     0  startup_stm32f10x_md.o(.text)
    PVD_IRQHandler                           0x080001a3   Thumb Code     0  startup_stm32f10x_md.o(.text)
    RCC_IRQHandler                           0x080001a3   Thumb Code     0  startup_stm32f10x_md.o(.text)
    RTCAlarm_IRQHandler                      0x080001a3   Thumb Code     0  startup_stm32f10x_md.o(.text)
    RTC_IRQHandler                           0x080001a3   Thumb Code     0  startup_stm32f10x_md.o(.text)
    SPI1_IRQHandler                          0x080001a3   Thumb Code     0  startup_stm32f10x_md.o(.text)
    SPI2_IRQHandler                          0x080001a3   Thumb Code     0  startup_stm32f10x_md.o(.text)
    TAMPER_IRQHandler                        0x080001a3   Thumb Code     0  startup_stm32f10x_md.o(.text)
    TIM1_BRK_IRQHandler                      0x080001a3   Thumb Code     0  startup_stm32f10x_md.o(.text)
    TIM1_CC_IRQHandler                       0x080001a3   Thumb Code     0  startup_stm32f10x_md.o(.text)
    TIM1_TRG_COM_IRQHandler                  0x080001a3   Thumb Code     0  startup_stm32f10x_md.o(.text)
    TIM1_UP_IRQHandler                       0x080001a3   Thumb Code     0  startup_stm32f10x_md.o(.text)
    TIM2_IRQHandler                          0x080001a3   Thumb Code     0  startup_stm32f10x_md.o(.text)
    USART3_IRQHandler                        0x080001a3   Thumb Code     0  startup_stm32f10x_md.o(.text)
    USBWakeUp_IRQHandler                     0x080001a3   Thumb Code     0  startup_stm32f10x_md.o(.text)
    USB_HP_CAN1_TX_IRQHandler                0x080001a3   Thumb Code     0  startup_stm32f10x_md.o(.text)
    USB_LP_CAN1_RX0_IRQHandler               0x080001a3   Thumb Code     0  startup_stm32f10x_md.o(.text)
    WWDG_IRQHandler                          0x080001a3   Thumb Code     0  startup_stm32f10x_md.o(.text)
    __user_initial_stackheap                 0x080001a5   Thumb Code     0  startup_stm32f10x_md.o(.text)
    __use_two_region_memory                  0x080001c9   Thumb Code     2  heapauxi.o(.text)
    __rt_heap_escrow$2region                 0x080001cb   Thumb Code     2  heapauxi.o(.text)
    __rt_heap_expand$2region                 0x080001cd   Thumb Code     2  heapauxi.o(.text)
    __user_setup_stackheap                   0x080001cf   Thumb Code    74  sys_stackheap_outer.o(.text)
    exit                                     0x08000219   Thumb Code    18  exit.o(.text)
    __user_libspace                          0x0800022d   Thumb Code     8  libspace.o(.text)
    __user_perproc_libspace                  0x0800022d   Thumb Code     0  libspace.o(.text)
    __user_perthread_libspace                0x0800022d   Thumb Code     0  libspace.o(.text)
    _sys_exit                                0x08000235   Thumb Code     8  sys_exit.o(.text)
    __I$use$semihosting                      0x08000241   Thumb Code     0  use_no_semi.o(.text)
    __use_no_semihosting_swi                 0x08000241   Thumb Code     2  use_no_semi.o(.text)
    __semihosting_library_function           0x08000243   Thumb Code     0  indicate_semi.o(.text)
    AppInit                                  0x08000245   Thumb Code    62  app.o(i.AppInit)
    AppProc                                  0x08000299   Thumb Code   520  app.o(i.AppProc)
    BusFault_Handler                         0x080004a5   Thumb Code     4  stm32f10x_it.o(i.BusFault_Handler)
    DMA1_Channel4_IRQHandler                 0x080005f9   Thumb Code    36  hal_usart.o(i.DMA1_Channel4_IRQHandler)
    DMA1_Channel7_IRQHandler                 0x08000625   Thumb Code    22  stm32f10x_it.o(i.DMA1_Channel7_IRQHandler)
    DMA_ClearITPendingBit                    0x0800063d   Thumb Code    18  stm32f10x_dma.o(i.DMA_ClearITPendingBit)
    DMA_Cmd                                  0x08000659   Thumb Code    24  stm32f10x_dma.o(i.DMA_Cmd)
    DMA_DeInit                               0x08000671   Thumb Code   324  stm32f10x_dma.o(i.DMA_DeInit)
    DMA_GetITStatus                          0x080007bd   Thumb Code    36  stm32f10x_dma.o(i.DMA_GetITStatus)
    DMA_ITConfig                             0x080007e9   Thumb Code    18  stm32f10x_dma.o(i.DMA_ITConfig)
    DMA_Init                                 0x080007fb   Thumb Code    60  stm32f10x_dma.o(i.DMA_Init)
    DebugMon_Handler                         0x08000837   Thumb Code     2  stm32f10x_it.o(i.DebugMon_Handler)
    FactoryReset                             0x08000839   Thumb Code   166  para.o(i.FactoryReset)
    GPIO_Init                                0x080008e5   Thumb Code   278  stm32f10x_gpio.o(i.GPIO_Init)
    GPIO_PinRemapConfig                      0x080009fd   Thumb Code   138  stm32f10x_gpio.o(i.GPIO_PinRemapConfig)
    GPIO_ReadInputDataBit                    0x08000a8d   Thumb Code    18  stm32f10x_gpio.o(i.GPIO_ReadInputDataBit)
    GPIO_ResetBits                           0x08000a9f   Thumb Code     4  stm32f10x_gpio.o(i.GPIO_ResetBits)
    GPIO_SetBits                             0x08000aa3   Thumb Code     4  stm32f10x_gpio.o(i.GPIO_SetBits)
    HardFault_Handler                        0x08000b35   Thumb Code     4  stm32f10x_it.o(i.HardFault_Handler)
    I2C_PageWrite                            0x08000ba1   Thumb Code   352  hal_eeprom.o(i.I2C_PageWrite)
    I2C_Read                                 0x08000d01   Thumb Code   100  hal_eeprom.o(i.I2C_Read)
    LedMsgInput                              0x08000f41   Thumb Code    94  hal_led.o(i.LedMsgInput)
    MemManage_Handler                        0x08000fa9   Thumb Code     4  stm32f10x_it.o(i.MemManage_Handler)
    NMI_Handler                              0x08000fad   Thumb Code     2  stm32f10x_it.o(i.NMI_Handler)
    NVIC_Init                                0x08000fb1   Thumb Code   100  misc.o(i.NVIC_Init)
    NVIC_PriorityGroupConfig                 0x08001021   Thumb Code    10  misc.o(i.NVIC_PriorityGroupConfig)
    OS_CPUInterruptCBSRegister               0x08001035   Thumb Code    12  os_system.o(i.OS_CPUInterruptCBSRegister)
    OS_ClockInterruptHandle                  0x08001045   Thumb Code   100  os_system.o(i.OS_ClockInterruptHandle)
    OS_CreatTask                             0x080010ad   Thumb Code    62  os_system.o(i.OS_CreatTask)
    OS_Start                                 0x080010f1   Thumb Code    56  os_system.o(i.OS_Start)
    OS_TaskInit                              0x0800112d   Thumb Code    56  os_system.o(i.OS_TaskInit)
    ParaInit                                 0x080011e1   Thumb Code    26  para.o(i.ParaInit)
    PendSV_Handler                           0x08001201   Thumb Code     2  stm32f10x_it.o(i.PendSV_Handler)
    RCC_AHBPeriphClockCmd                    0x08001205   Thumb Code    26  stm32f10x_rcc.o(i.RCC_AHBPeriphClockCmd)
    RCC_APB1PeriphClockCmd                   0x08001225   Thumb Code    26  stm32f10x_rcc.o(i.RCC_APB1PeriphClockCmd)
    RCC_APB1PeriphResetCmd                   0x08001245   Thumb Code    26  stm32f10x_rcc.o(i.RCC_APB1PeriphResetCmd)
    RCC_APB2PeriphClockCmd                   0x08001265   Thumb Code    26  stm32f10x_rcc.o(i.RCC_APB2PeriphClockCmd)
    RCC_APB2PeriphResetCmd                   0x08001285   Thumb Code    26  stm32f10x_rcc.o(i.RCC_APB2PeriphResetCmd)
    RCC_GetClocksFreq                        0x080012a5   Thumb Code   192  stm32f10x_rcc.o(i.RCC_GetClocksFreq)
    RFD_CodeHandle                           0x08001379   Thumb Code   108  hal_rfd.o(i.RFD_CodeHandle)
    SPI_Cmd                                  0x08001429   Thumb Code    24  stm32f10x_spi.o(i.SPI_Cmd)
    SPI_Init                                 0x08001441   Thumb Code    60  stm32f10x_spi.o(i.SPI_Init)
    SVC_Handler                              0x0800147d   Thumb Code     2  stm32f10x_it.o(i.SVC_Handler)
    S_QueueDataIn                            0x08001481   Thumb Code   120  os_system.o(i.S_QueueDataIn)
    S_QueueDataLen                           0x080014fd   Thumb Code    46  os_system.o(i.S_QueueDataLen)
    S_QueueDataOut                           0x0800152d   Thumb Code    98  os_system.o(i.S_QueueDataOut)
    S_QueueEmpty                             0x08001595   Thumb Code     6  os_system.o(i.S_QueueEmpty)
    SysTick_Handler                          0x08001685   Thumb Code     8  hal_cpu.o(i.SysTick_Handler)
    SystemInit                               0x0800168d   Thumb Code    78  system_stm32f10x.o(i.SystemInit)
    TIM3_IRQHandler                          0x080016ed   Thumb Code    12  stm32f10x_it.o(i.TIM3_IRQHandler)
    TIM4_IRQHandler                          0x080016fd   Thumb Code    16  hal_time.o(i.TIM4_IRQHandler)
    TIM_ClearFlag                            0x08001711   Thumb Code     6  stm32f10x_tim.o(i.TIM_ClearFlag)
    TIM_Cmd                                  0x08001717   Thumb Code    24  stm32f10x_tim.o(i.TIM_Cmd)
    TIM_DeInit                               0x08001731   Thumb Code   424  stm32f10x_tim.o(i.TIM_DeInit)
    TIM_ITConfig                             0x08001919   Thumb Code    18  stm32f10x_tim.o(i.TIM_ITConfig)
    TIM_OC1Init                              0x0800192d   Thumb Code   132  stm32f10x_tim.o(i.TIM_OC1Init)
    TIM_OC1PreloadConfig                     0x080019c5   Thumb Code    18  stm32f10x_tim.o(i.TIM_OC1PreloadConfig)
    TIM_SetAutoreload                        0x080019d7   Thumb Code     4  stm32f10x_tim.o(i.TIM_SetAutoreload)
    TIM_SetCompare1                          0x080019db   Thumb Code     4  stm32f10x_tim.o(i.TIM_SetCompare1)
    TIM_SetCounter                           0x080019df   Thumb Code     4  stm32f10x_tim.o(i.TIM_SetCounter)
    TIM_TimeBaseInit                         0x080019e5   Thumb Code   122  stm32f10x_tim.o(i.TIM_TimeBaseInit)
    USART1_IRQHandler                        0x08001a89   Thumb Code    68  hal_usart.o(i.USART1_IRQHandler)
    USART2_IRQHandler                        0x08001ad1   Thumb Code    92  hal_usart.o(i.USART2_IRQHandler)
    USART_ClearITPendingBit                  0x08001b35   Thumb Code    30  stm32f10x_usart.o(i.USART_ClearITPendingBit)
    USART_Cmd                                0x08001b53   Thumb Code    24  stm32f10x_usart.o(i.USART_Cmd)
    USART_DMACmd                             0x08001b6b   Thumb Code    18  stm32f10x_usart.o(i.USART_DMACmd)
    USART_GetITStatus                        0x08001b7d   Thumb Code    84  stm32f10x_usart.o(i.USART_GetITStatus)
    USART_ITConfig                           0x08001bd1   Thumb Code    74  stm32f10x_usart.o(i.USART_ITConfig)
    USART_Init                               0x08001c1d   Thumb Code   210  stm32f10x_usart.o(i.USART_Init)
    USART_ReceiveData                        0x08001cf5   Thumb Code    10  stm32f10x_usart.o(i.USART_ReceiveData)
    UsageFault_Handler                       0x08001cff   Thumb Code     4  stm32f10x_it.o(i.UsageFault_Handler)
    hal_BeepInit                             0x08001de9   Thumb Code    26  hal_beep.o(i.hal_BeepInit)
    hal_BeepPwmCtrl                          0x08001e09   Thumb Code    26  hal_beep.o(i.hal_BeepPwmCtrl)
    hal_CPUInit                              0x08001ea5   Thumb Code    14  hal_cpu.o(i.hal_CPUInit)
    hal_CreatTimer                           0x08001f3d   Thumb Code    50  hal_time.o(i.hal_CreatTimer)
    hal_GetTimerState                        0x08002031   Thumb Code    30  hal_time.o(i.hal_GetTimerState)
    hal_I2C_SCL                              0x0800208d   Thumb Code    30  hal_eeprom.o(i.hal_I2C_SCL)
    hal_I2C_SDA                              0x080020b1   Thumb Code    30  hal_eeprom.o(i.hal_I2C_SDA)
    hal_I2C_SDA_INPUT                        0x080020d5   Thumb Code    14  hal_eeprom.o(i.hal_I2C_SDA_INPUT)
    hal_I2C_SDA_IO_Set                       0x080020e9   Thumb Code    86  hal_eeprom.o(i.hal_I2C_SDA_IO_Set)
    hal_KeyInit                              0x08002145   Thumb Code    56  hal_key.o(i.hal_KeyInit)
    hal_KeyProc                              0x08002191   Thumb Code   298  hal_key.o(i.hal_KeyProc)
    hal_KeyScanCBSRegister                   0x080022d9   Thumb Code    12  hal_key.o(i.hal_KeyScanCBSRegister)
    hal_LedInit                              0x080023bd   Thumb Code   108  hal_led.o(i.hal_LedInit)
    hal_LedProc                              0x08002441   Thumb Code   280  hal_led.o(i.hal_LedProc)
    hal_OledInit                             0x08002655   Thumb Code   258  hal_oled.o(i.hal_OledInit)
    hal_Oled_Clear                           0x0800275d   Thumb Code    42  hal_oled.o(i.hal_Oled_Clear)
    hal_Oled_Refresh                         0x08002829   Thumb Code    70  hal_oled.o(i.hal_Oled_Refresh)
    hal_Oled_ShowChar                        0x08002875   Thumb Code   300  hal_oled.o(i.hal_Oled_ShowChar)
    hal_Oled_ShowString                      0x080029b1   Thumb Code    74  hal_oled.o(i.hal_Oled_ShowString)
    hal_RFCRcvCBSRegister                    0x08002ab9   Thumb Code    12  hal_rfd.o(i.hal_RFCRcvCBSRegister)
    hal_RFDInit                              0x08002b01   Thumb Code    98  hal_rfd.o(i.hal_RFDInit)
    hal_RFDProc                              0x08002b89   Thumb Code  1224  hal_rfd.o(i.hal_RFDProc)
    hal_ResetTimer                           0x08003069   Thumb Code    46  hal_time.o(i.hal_ResetTimer)
    hal_TimeInit                             0x0800309d   Thumb Code    64  hal_time.o(i.hal_TimeInit)
    hal_UsartInit                            0x0800316d   Thumb Code    28  hal_usart.o(i.hal_UsartInit)
    hal_UsartProc                            0x08003191   Thumb Code     8  hal_usart.o(i.hal_UsartProc)
    hal_eepromInit                           0x080031f1   Thumb Code     8  hal_eeprom.o(i.hal_eepromInit)
    main                                     0x08003539   Thumb Code   102  main.o(i.main)
    asc2_0806                                0x080035b4   Data         552  hal_oled.o(.constdata)
    asc2_1206                                0x080037dc   Data        1140  hal_oled.o(.constdata)
    asc2_1608                                0x08003c50   Data        1520  hal_oled.o(.constdata)
    asc2_2412                                0x08004240   Data        3420  hal_oled.o(.constdata)
    Region$$Table$$Base                      0x08004f9c   Number         0  anon$$obj.o(Region$$Table)
    Region$$Table$$Limit                     0x08004fbc   Number         0  anon$$obj.o(Region$$Table)
    SystemCoreClock                          0x20000000   Data           4  system_stm32f10x.o(.data)
    AHBPrescTable                            0x20000004   Data          16  system_stm32f10x.o(.data)
    hal_LedDrive                             0x20000028   Data           8  hal_led.o(.data)
    Led_Dark                                 0x20000030   Data           6  hal_led.o(.data)
    Led_Light                                0x20000036   Data           6  hal_led.o(.data)
    Led_Light100ms                           0x2000003c   Data          10  hal_led.o(.data)
    Led_Blink1                               0x20000046   Data          12  hal_led.o(.data)
    Led_Blink2                               0x20000052   Data          28  hal_led.o(.data)
    Led_Blink3                               0x2000006e   Data          12  hal_led.o(.data)
    Led_Blink4                               0x2000007a   Data          12  hal_led.o(.data)
    LedTimer                                 0x20000086   Data           4  hal_led.o(.data)
    pLed                                     0x2000008c   Data           8  hal_led.o(.data)
    LedLoadFlag                              0x20000094   Data           2  hal_led.o(.data)
    KeyScanCBS                               0x20000098   Data           4  hal_key.o(.data)
    getKeysState                             0x2000009c   Data          24  hal_key.o(.data)
    KeyStep                                  0x200000b4   Data           6  hal_key.o(.data)
    keys                                     0x200000ba   Data           1  hal_key.o(.data)
    RFD_ResendNum                            0x200000bc   Data           1  hal_rfd.o(.data)
    RFD_Addr                                 0x200000bd   Data           3  hal_rfd.o(.data)
    RFD_DecodeFltTimerOk                     0x200000c0   Data           1  hal_rfd.o(.data)
    RFCRcvCBS                                0x200000c4   Data           4  hal_rfd.o(.data)
    RFDRcvSteps                              0x200000c8   Data           1  hal_rfd.o(.data)
    DebugIsBusy                              0x200000df   Data           1  hal_usart.o(.data)
    NoteFreqAry                              0x200000e0   Data          60  hal_beep.o(.data)
    CPUInterrupptCtrlCBS                     0x20000120   Data           4  os_system.o(.data)
    LedCmdBuff                               0x20000124   Data          32  hal_led.o(.bss)
    Stu_Timer                                0x20000144   Data          48  hal_time.o(.bss)
    KeyScanTime                              0x20000174   Data          12  hal_key.o(.bss)
    KeyPressLongTimer                        0x20000180   Data          12  hal_key.o(.bss)
    KeyContPressTimer                        0x2000018c   Data          12  hal_key.o(.bss)
    OLED_GRAM                                0x20000198   Data        1024  hal_oled.o(.bss)
    RFDBuff                                  0x20000598   Data          44  hal_rfd.o(.bss)
    RFDTxMsg                                 0x200005c4   Data          44  hal_rfd.o(.bss)
    RFDCodeBuff                              0x200005f0   Data          20  hal_rfd.o(.bss)
    DebugTxDMAMapBuff                        0x20000604   Data         400  hal_usart.o(.bss)
    DebugTxMsg                               0x20000794   Data         268  hal_usart.o(.bss)
    OS_Task                                  0x200008a0   Data          60  os_system.o(.bss)
    RFDRcvMsg                                0x200008dc   Data          20  app.o(.bss)
    dERP                                     0x200008f0   Data         480  para.o(.bss)
    __libspace_start                         0x20000ad0   Data          96  libspace.o(.bss)
    __temporary_stack_top$libspace           0x20000b30   Data           0  libspace.o(.bss)



==============================================================================

Memory Map of the image

  Image Entry point : 0x080000ed

  Load Region LR_IROM1 (Base: 0x08000000, Size: 0x000050e0, Max: 0x00010000, ABSOLUTE)

    Execution Region ER_IROM1 (Base: 0x08000000, Size: 0x00004fbc, Max: 0x00010000, ABSOLUTE)

    Base Addr    Size         Type   Attr      Idx    E Section Name        Object

    0x08000000   0x000000ec   Data   RO         3056    RESET               startup_stm32f10x_md.o
    0x080000ec   0x00000008   Code   RO         3992  * !!!main             c_w.l(__main.o)
    0x080000f4   0x00000034   Code   RO         4149    !!!scatter          c_w.l(__scatter.o)
    0x08000128   0x0000001a   Code   RO         4151    !!handler_copy      c_w.l(__scatter_copy.o)
    0x08000142   0x00000002   PAD
    0x08000144   0x0000001c   Code   RO         4153    !!handler_zi        c_w.l(__scatter_zi.o)
    0x08000160   0x00000002   Code   RO         4019    .ARM.Collect$$libinit$$00000000  c_w.l(libinit.o)
    0x08000162   0x00000000   Code   RO         4026    .ARM.Collect$$libinit$$00000002  c_w.l(libinit2.o)
    0x08000162   0x00000000   Code   RO         4028    .ARM.Collect$$libinit$$00000004  c_w.l(libinit2.o)
    0x08000162   0x00000000   Code   RO         4031    .ARM.Collect$$libinit$$0000000A  c_w.l(libinit2.o)
    0x08000162   0x00000000   Code   RO         4033    .ARM.Collect$$libinit$$0000000C  c_w.l(libinit2.o)
    0x08000162   0x00000000   Code   RO         4035    .ARM.Collect$$libinit$$0000000E  c_w.l(libinit2.o)
    0x08000162   0x00000000   Code   RO         4038    .ARM.Collect$$libinit$$00000011  c_w.l(libinit2.o)
    0x08000162   0x00000000   Code   RO         4040    .ARM.Collect$$libinit$$00000013  c_w.l(libinit2.o)
    0x08000162   0x00000000   Code   RO         4042    .ARM.Collect$$libinit$$00000015  c_w.l(libinit2.o)
    0x08000162   0x00000000   Code   RO         4044    .ARM.Collect$$libinit$$00000017  c_w.l(libinit2.o)
    0x08000162   0x00000000   Code   RO         4046    .ARM.Collect$$libinit$$00000019  c_w.l(libinit2.o)
    0x08000162   0x00000000   Code   RO         4048    .ARM.Collect$$libinit$$0000001B  c_w.l(libinit2.o)
    0x08000162   0x00000000   Code   RO         4050    .ARM.Collect$$libinit$$0000001D  c_w.l(libinit2.o)
    0x08000162   0x00000000   Code   RO         4052    .ARM.Collect$$libinit$$0000001F  c_w.l(libinit2.o)
    0x08000162   0x00000000   Code   RO         4054    .ARM.Collect$$libinit$$00000021  c_w.l(libinit2.o)
    0x08000162   0x00000000   Code   RO         4056    .ARM.Collect$$libinit$$00000023  c_w.l(libinit2.o)
    0x08000162   0x00000000   Code   RO         4058    .ARM.Collect$$libinit$$00000025  c_w.l(libinit2.o)
    0x08000162   0x00000000   Code   RO         4062    .ARM.Collect$$libinit$$0000002C  c_w.l(libinit2.o)
    0x08000162   0x00000000   Code   RO         4064    .ARM.Collect$$libinit$$0000002E  c_w.l(libinit2.o)
    0x08000162   0x00000000   Code   RO         4066    .ARM.Collect$$libinit$$00000030  c_w.l(libinit2.o)
    0x08000162   0x00000000   Code   RO         4068    .ARM.Collect$$libinit$$00000032  c_w.l(libinit2.o)
    0x08000162   0x00000002   Code   RO         4069    .ARM.Collect$$libinit$$00000033  c_w.l(libinit2.o)
    0x08000164   0x00000002   Code   RO         4089    .ARM.Collect$$libshutdown$$00000000  c_w.l(libshutdown.o)
    0x08000166   0x00000000   Code   RO         4102    .ARM.Collect$$libshutdown$$00000002  c_w.l(libshutdown2.o)
    0x08000166   0x00000000   Code   RO         4104    .ARM.Collect$$libshutdown$$00000004  c_w.l(libshutdown2.o)
    0x08000166   0x00000000   Code   RO         4107    .ARM.Collect$$libshutdown$$00000007  c_w.l(libshutdown2.o)
    0x08000166   0x00000000   Code   RO         4110    .ARM.Collect$$libshutdown$$0000000A  c_w.l(libshutdown2.o)
    0x08000166   0x00000000   Code   RO         4112    .ARM.Collect$$libshutdown$$0000000C  c_w.l(libshutdown2.o)
    0x08000166   0x00000000   Code   RO         4115    .ARM.Collect$$libshutdown$$0000000F  c_w.l(libshutdown2.o)
    0x08000166   0x00000002   Code   RO         4116    .ARM.Collect$$libshutdown$$00000010  c_w.l(libshutdown2.o)
    0x08000168   0x00000000   Code   RO         3994    .ARM.Collect$$rtentry$$00000000  c_w.l(__rtentry.o)
    0x08000168   0x00000000   Code   RO         3996    .ARM.Collect$$rtentry$$00000002  c_w.l(__rtentry2.o)
    0x08000168   0x00000006   Code   RO         4008    .ARM.Collect$$rtentry$$00000004  c_w.l(__rtentry4.o)
    0x0800016e   0x00000000   Code   RO         3998    .ARM.Collect$$rtentry$$00000009  c_w.l(__rtentry2.o)
    0x0800016e   0x00000004   Code   RO         3999    .ARM.Collect$$rtentry$$0000000A  c_w.l(__rtentry2.o)
    0x08000172   0x00000000   Code   RO         4001    .ARM.Collect$$rtentry$$0000000C  c_w.l(__rtentry2.o)
    0x08000172   0x00000008   Code   RO         4002    .ARM.Collect$$rtentry$$0000000D  c_w.l(__rtentry2.o)
    0x0800017a   0x00000002   Code   RO         4023    .ARM.Collect$$rtexit$$00000000  c_w.l(rtexit.o)
    0x0800017c   0x00000000   Code   RO         4071    .ARM.Collect$$rtexit$$00000002  c_w.l(rtexit2.o)
    0x0800017c   0x00000004   Code   RO         4072    .ARM.Collect$$rtexit$$00000003  c_w.l(rtexit2.o)
    0x08000180   0x00000006   Code   RO         4073    .ARM.Collect$$rtexit$$00000004  c_w.l(rtexit2.o)
    0x08000186   0x00000002   PAD
    0x08000188   0x00000040   Code   RO         3057    .text               startup_stm32f10x_md.o
    0x080001c8   0x00000006   Code   RO         3990    .text               c_w.l(heapauxi.o)
    0x080001ce   0x0000004a   Code   RO         4010    .text               c_w.l(sys_stackheap_outer.o)
    0x08000218   0x00000012   Code   RO         4012    .text               c_w.l(exit.o)
    0x0800022a   0x00000002   PAD
    0x0800022c   0x00000008   Code   RO         4020    .text               c_w.l(libspace.o)
    0x08000234   0x0000000c   Code   RO         4081    .text               c_w.l(sys_exit.o)
    0x08000240   0x00000002   Code   RO         4092    .text               c_w.l(use_no_semi.o)
    0x08000242   0x00000000   Code   RO         4094    .text               c_w.l(indicate_semi.o)
    0x08000242   0x00000002   PAD
    0x08000244   0x00000054   Code   RO         3875    i.AppInit           app.o
    0x08000298   0x0000020c   Code   RO         3876    i.AppProc           app.o
    0x080004a4   0x00000004   Code   RO         3062    i.BusFault_Handler  stm32f10x_it.o
    0x080004a8   0x00000150   Code   RO         3911    i.CreatDtc          para.o
    0x080005f8   0x0000002c   Code   RO         3582    i.DMA1_Channel4_IRQHandler  hal_usart.o
    0x08000624   0x00000016   Code   RO         3063    i.DMA1_Channel7_IRQHandler  stm32f10x_it.o
    0x0800063a   0x00000002   PAD
    0x0800063c   0x0000001c   Code   RO          792    i.DMA_ClearITPendingBit  stm32f10x_dma.o
    0x08000658   0x00000018   Code   RO          793    i.DMA_Cmd           stm32f10x_dma.o
    0x08000670   0x0000014c   Code   RO          794    i.DMA_DeInit        stm32f10x_dma.o
    0x080007bc   0x0000002c   Code   RO          797    i.DMA_GetITStatus   stm32f10x_dma.o
    0x080007e8   0x00000012   Code   RO          798    i.DMA_ITConfig      stm32f10x_dma.o
    0x080007fa   0x0000003c   Code   RO          799    i.DMA_Init          stm32f10x_dma.o
    0x08000836   0x00000002   Code   RO         3064    i.DebugMon_Handler  stm32f10x_it.o
    0x08000838   0x000000ac   Code   RO         3914    i.FactoryReset      para.o
    0x080008e4   0x00000116   Code   RO         1226    i.GPIO_Init         stm32f10x_gpio.o
    0x080009fa   0x00000002   PAD
    0x080009fc   0x00000090   Code   RO         1228    i.GPIO_PinRemapConfig  stm32f10x_gpio.o
    0x08000a8c   0x00000012   Code   RO         1230    i.GPIO_ReadInputDataBit  stm32f10x_gpio.o
    0x08000a9e   0x00000004   Code   RO         1233    i.GPIO_ResetBits    stm32f10x_gpio.o
    0x08000aa2   0x00000004   Code   RO         1234    i.GPIO_SetBits      stm32f10x_gpio.o
    0x08000aa6   0x00000002   PAD
    0x08000aa8   0x0000008c   Code   RO         3265    i.Hal_TimerHandle   hal_time.o
    0x08000b34   0x00000004   Code   RO         3065    i.HardFault_Handler  stm32f10x_it.o
    0x08000b38   0x00000034   Code   RO         3652    i.I2C_Ack           hal_eeprom.o
    0x08000b6c   0x00000034   Code   RO         3653    i.I2C_NoAck         hal_eeprom.o
    0x08000ba0   0x00000160   Code   RO         3654    i.I2C_PageWrite     hal_eeprom.o
    0x08000d00   0x00000064   Code   RO         3655    i.I2C_Read          hal_eeprom.o
    0x08000d64   0x0000005e   Code   RO         3657    i.I2C_ReceiveByte   hal_eeprom.o
    0x08000dc2   0x00000064   Code   RO         3658    i.I2C_SendByte      hal_eeprom.o
    0x08000e26   0x00000028   Code   RO         3659    i.I2C_Start         hal_eeprom.o
    0x08000e4e   0x00000028   Code   RO         3660    i.I2C_Stop          hal_eeprom.o
    0x08000e76   0x0000003a   Code   RO         3661    i.I2C_WaitAck       hal_eeprom.o
    0x08000eb0   0x0000001e   Code   RO         3663    i.I2C_delay         hal_eeprom.o
    0x08000ece   0x00000070   Code   RO         3877    i.KeyEventHandle    app.o
    0x08000f3e   0x00000002   PAD
    0x08000f40   0x00000068   Code   RO         3171    i.LedMsgInput       hal_led.o
    0x08000fa8   0x00000004   Code   RO         3066    i.MemManage_Handler  stm32f10x_it.o
    0x08000fac   0x00000002   Code   RO         3067    i.NMI_Handler       stm32f10x_it.o
    0x08000fae   0x00000002   PAD
    0x08000fb0   0x00000070   Code   RO           71    i.NVIC_Init         misc.o
    0x08001020   0x00000014   Code   RO           72    i.NVIC_PriorityGroupConfig  misc.o
    0x08001034   0x00000010   Code   RO         3799    i.OS_CPUInterruptCBSRegister  os_system.o
    0x08001044   0x00000068   Code   RO         3800    i.OS_ClockInterruptHandle  os_system.o
    0x080010ac   0x00000044   Code   RO         3801    i.OS_CreatTask      os_system.o
    0x080010f0   0x0000003c   Code   RO         3802    i.OS_Start          os_system.o
    0x0800112c   0x0000003c   Code   RO         3804    i.OS_TaskInit       os_system.o
    0x08001168   0x00000078   Code   RO         3918    i.ParaCheck         para.o
    0x080011e0   0x00000020   Code   RO         3919    i.ParaInit          para.o
    0x08001200   0x00000002   Code   RO         3068    i.PendSV_Handler    stm32f10x_it.o
    0x08001202   0x00000002   PAD
    0x08001204   0x00000020   Code   RO         1644    i.RCC_AHBPeriphClockCmd  stm32f10x_rcc.o
    0x08001224   0x00000020   Code   RO         1645    i.RCC_APB1PeriphClockCmd  stm32f10x_rcc.o
    0x08001244   0x00000020   Code   RO         1646    i.RCC_APB1PeriphResetCmd  stm32f10x_rcc.o
    0x08001264   0x00000020   Code   RO         1647    i.RCC_APB2PeriphClockCmd  stm32f10x_rcc.o
    0x08001284   0x00000020   Code   RO         1648    i.RCC_APB2PeriphResetCmd  stm32f10x_rcc.o
    0x080012a4   0x000000d4   Code   RO         1655    i.RCC_GetClocksFreq  stm32f10x_rcc.o
    0x08001378   0x0000007c   Code   RO         3522    i.RFD_CodeHandle    hal_rfd.o
    0x080013f4   0x00000034   Code   RO         3878    i.RfdRcvHandle      app.o
    0x08001428   0x00000018   Code   RO         2130    i.SPI_Cmd           stm32f10x_spi.o
    0x08001440   0x0000003c   Code   RO         2143    i.SPI_Init          stm32f10x_spi.o
    0x0800147c   0x00000002   Code   RO         3069    i.SVC_Handler       stm32f10x_it.o
    0x0800147e   0x00000002   PAD
    0x08001480   0x0000007c   Code   RO         3806    i.S_QueueDataIn     os_system.o
    0x080014fc   0x0000002e   Code   RO         3807    i.S_QueueDataLen    os_system.o
    0x0800152a   0x00000002   PAD
    0x0800152c   0x00000068   Code   RO         3808    i.S_QueueDataOut    os_system.o
    0x08001594   0x00000006   Code   RO         3809    i.S_QueueEmpty      os_system.o
    0x0800159a   0x00000008   Code   RO            1    i.SetSysClock       system_stm32f10x.o
    0x080015a2   0x00000002   PAD
    0x080015a4   0x000000e0   Code   RO            2    i.SetSysClockTo72   system_stm32f10x.o
    0x08001684   0x00000008   Code   RO         3228    i.SysTick_Handler   hal_cpu.o
    0x0800168c   0x00000060   Code   RO            4    i.SystemInit        system_stm32f10x.o
    0x080016ec   0x00000010   Code   RO         3070    i.TIM3_IRQHandler   stm32f10x_it.o
    0x080016fc   0x00000014   Code   RO         3266    i.TIM4_IRQHandler   hal_time.o
    0x08001710   0x00000006   Code   RO         2279    i.TIM_ClearFlag     stm32f10x_tim.o
    0x08001716   0x00000018   Code   RO         2285    i.TIM_Cmd           stm32f10x_tim.o
    0x0800172e   0x00000002   PAD
    0x08001730   0x000001e8   Code   RO         2290    i.TIM_DeInit        stm32f10x_tim.o
    0x08001918   0x00000012   Code   RO         2310    i.TIM_ITConfig      stm32f10x_tim.o
    0x0800192a   0x00000002   PAD
    0x0800192c   0x00000098   Code   RO         2314    i.TIM_OC1Init       stm32f10x_tim.o
    0x080019c4   0x00000012   Code   RO         2317    i.TIM_OC1PreloadConfig  stm32f10x_tim.o
    0x080019d6   0x00000004   Code   RO         2344    i.TIM_SetAutoreload  stm32f10x_tim.o
    0x080019da   0x00000004   Code   RO         2346    i.TIM_SetCompare1   stm32f10x_tim.o
    0x080019de   0x00000004   Code   RO         2350    i.TIM_SetCounter    stm32f10x_tim.o
    0x080019e2   0x00000002   PAD
    0x080019e4   0x000000a4   Code   RO         2356    i.TIM_TimeBaseInit  stm32f10x_tim.o
    0x08001a88   0x00000048   Code   RO         3583    i.USART1_IRQHandler  hal_usart.o
    0x08001ad0   0x00000064   Code   RO         3584    i.USART2_IRQHandler  hal_usart.o
    0x08001b34   0x0000001e   Code   RO         2818    i.USART_ClearITPendingBit  stm32f10x_usart.o
    0x08001b52   0x00000018   Code   RO         2821    i.USART_Cmd         stm32f10x_usart.o
    0x08001b6a   0x00000012   Code   RO         2822    i.USART_DMACmd      stm32f10x_usart.o
    0x08001b7c   0x00000054   Code   RO         2825    i.USART_GetITStatus  stm32f10x_usart.o
    0x08001bd0   0x0000004a   Code   RO         2827    i.USART_ITConfig    stm32f10x_usart.o
    0x08001c1a   0x00000002   PAD
    0x08001c1c   0x000000d8   Code   RO         2828    i.USART_Init        stm32f10x_usart.o
    0x08001cf4   0x0000000a   Code   RO         2835    i.USART_ReceiveData  stm32f10x_usart.o
    0x08001cfe   0x00000004   Code   RO         3071    i.UsageFault_Handler  stm32f10x_it.o
    0x08001d02   0x00000002   PAD
    0x08001d04   0x000000e4   Code   RO         3759    i.hal_BeepConfig    hal_beep.o
    0x08001de8   0x00000020   Code   RO         3760    i.hal_BeepInit      hal_beep.o
    0x08001e08   0x00000020   Code   RO         3762    i.hal_BeepPwmCtrl   hal_beep.o
    0x08001e28   0x0000005c   Code   RO         3763    i.hal_BeepPwmHandle  hal_beep.o
    0x08001e84   0x00000020   Code   RO         3172    i.hal_BuzDrive      hal_led.o
    0x08001ea4   0x00000014   Code   RO         3229    i.hal_CPUInit       hal_cpu.o
    0x08001eb8   0x00000022   Code   RO         3230    i.hal_CPU_Critical_Control  hal_cpu.o
    0x08001eda   0x00000002   PAD
    0x08001edc   0x00000060   Code   RO         3231    i.hal_CoreClockInit  hal_cpu.o
    0x08001f3c   0x00000038   Code   RO         3267    i.hal_CreatTimer    hal_time.o
    0x08001f74   0x00000020   Code   RO         3585    i.hal_DMAC4_Enable  hal_usart.o
    0x08001f94   0x00000088   Code   RO         3586    i.hal_DMA_Config    hal_usart.o
    0x0800201c   0x00000014   Code   RO         3523    i.hal_GetRFDIOSta   hal_rfd.o
    0x08002030   0x00000024   Code   RO         3270    i.hal_GetTimerState  hal_time.o
    0x08002054   0x00000038   Code   RO         3664    i.hal_I2CConfig     hal_eeprom.o
    0x0800208c   0x00000024   Code   RO         3665    i.hal_I2C_SCL       hal_eeprom.o
    0x080020b0   0x00000024   Code   RO         3666    i.hal_I2C_SDA       hal_eeprom.o
    0x080020d4   0x00000014   Code   RO         3667    i.hal_I2C_SDA_INPUT  hal_eeprom.o
    0x080020e8   0x0000005c   Code   RO         3668    i.hal_I2C_SDA_IO_Set  hal_eeprom.o
    0x08002144   0x0000004c   Code   RO         3326    i.hal_KeyInit       hal_key.o
    0x08002190   0x00000148   Code   RO         3327    i.hal_KeyProc       hal_key.o
    0x080022d8   0x00000010   Code   RO         3328    i.hal_KeyScanCBSRegister  hal_key.o
    0x080022e8   0x00000020   Code   RO         3173    i.hal_Led1Drive     hal_led.o
    0x08002308   0x000000b4   Code   RO         3174    i.hal_LedHandle     hal_led.o
    0x080023bc   0x00000084   Code   RO         3175    i.hal_LedInit       hal_led.o
    0x08002440   0x00000144   Code   RO         3176    i.hal_LedProc       hal_led.o
    0x08002584   0x000000d0   Code   RO         3399    i.hal_OledConfig    hal_oled.o
    0x08002654   0x00000108   Code   RO         3400    i.hal_OledInit      hal_oled.o
    0x0800275c   0x00000030   Code   RO         3401    i.hal_Oled_Clear    hal_oled.o
    0x0800278c   0x00000022   Code   RO         3404    i.hal_Oled_Delay    hal_oled.o
    0x080027ae   0x00000002   PAD
    0x080027b0   0x00000078   Code   RO         3410    i.hal_Oled_DrawPoint  hal_oled.o
    0x08002828   0x0000004c   Code   RO         3411    i.hal_Oled_Refresh  hal_oled.o
    0x08002874   0x0000013c   Code   RO         3412    i.hal_Oled_ShowChar  hal_oled.o
    0x080029b0   0x0000004a   Code   RO         3415    i.hal_Oled_ShowString  hal_oled.o
    0x080029fa   0x00000002   PAD
    0x080029fc   0x00000050   Code   RO         3416    i.hal_Oled_WR_Byte  hal_oled.o
    0x08002a4c   0x0000006c   Code   RO         3524    i.hal_PulseAQT_Handle  hal_rfd.o
    0x08002ab8   0x00000010   Code   RO         3525    i.hal_RFCRcvCBSRegister  hal_rfd.o
    0x08002ac8   0x0000002c   Code   RO         3526    i.hal_RFDConfig     hal_rfd.o
    0x08002af4   0x0000000c   Code   RO         3527    i.hal_RFDDecodeFlt_Handle  hal_rfd.o
    0x08002b00   0x00000088   Code   RO         3528    i.hal_RFDInit       hal_rfd.o
    0x08002b88   0x000004e0   Code   RO         3529    i.hal_RFDProc       hal_rfd.o
    0x08003068   0x00000034   Code   RO         3271    i.hal_ResetTimer    hal_time.o
    0x0800309c   0x00000044   Code   RO         3272    i.hal_TimeInit      hal_time.o
    0x080030e0   0x0000008c   Code   RO         3273    i.hal_Timer4Config  hal_time.o
    0x0800316c   0x00000024   Code   RO         3589    i.hal_UsartInit     hal_usart.o
    0x08003190   0x00000008   Code   RO         3590    i.hal_UsartProc     hal_usart.o
    0x08003198   0x00000058   Code   RO         3591    i.hal_debugProc     hal_usart.o
    0x080031f0   0x00000008   Code   RO         3669    i.hal_eepromInit    hal_eeprom.o
    0x080031f8   0x00000018   Code   RO         3329    i.hal_getKey1Sta    hal_key.o
    0x08003210   0x00000018   Code   RO         3330    i.hal_getKey2Sta    hal_key.o
    0x08003228   0x00000018   Code   RO         3331    i.hal_getKey3Sta    hal_key.o
    0x08003240   0x00000018   Code   RO         3332    i.hal_getKey4Sta    hal_key.o
    0x08003258   0x0000001c   Code   RO         3333    i.hal_getKey5Sta    hal_key.o
    0x08003274   0x0000001c   Code   RO         3334    i.hal_getKey6Sta    hal_key.o
    0x08003290   0x00000010   Code   RO         3232    i.hal_getprimask    hal_cpu.o
    0x080032a0   0x000000bc   Code   RO         3335    i.hal_keyConfig     hal_key.o
    0x0800335c   0x00000060   Code   RO         3178    i.hal_ledConfig     hal_led.o
    0x080033bc   0x0000017c   Code   RO         3592    i.hal_usart_Config  hal_usart.o
    0x08003538   0x0000007c   Code   RO         3135    i.main              main.o
    0x080035b4   0x000019e8   Data   RO         3419    .constdata          hal_oled.o
    0x08004f9c   0x00000020   Data   RO         4147    Region$$Table       anon$$obj.o


    Execution Region RW_IRAM1 (Base: 0x20000000, Size: 0x00001130, Max: 0x00005000, ABSOLUTE)

    Base Addr    Size         Type   Attr      Idx    E Section Name        Object

    0x20000000   0x00000014   Data   RW            5    .data               system_stm32f10x.o
    0x20000014   0x00000014   Data   RW         1675    .data               stm32f10x_rcc.o
    0x20000028   0x0000006e   Data   RW         3180    .data               hal_led.o
    0x20000096   0x00000002   PAD
    0x20000098   0x00000023   Data   RW         3337    .data               hal_key.o
    0x200000bb   0x00000001   PAD
    0x200000bc   0x00000023   Data   RW         3531    .data               hal_rfd.o
    0x200000df   0x00000001   Data   RW         3594    .data               hal_usart.o
    0x200000e0   0x0000003d   Data   RW         3764    .data               hal_beep.o
    0x2000011d   0x00000003   PAD
    0x20000120   0x00000004   Data   RW         3811    .data               os_system.o
    0x20000124   0x00000020   Zero   RW         3179    .bss                hal_led.o
    0x20000144   0x00000030   Zero   RW         3274    .bss                hal_time.o
    0x20000174   0x00000024   Zero   RW         3336    .bss                hal_key.o
    0x20000198   0x00000400   Zero   RW         3418    .bss                hal_oled.o
    0x20000598   0x0000006c   Zero   RW         3530    .bss                hal_rfd.o
    0x20000604   0x0000029c   Zero   RW         3593    .bss                hal_usart.o
    0x200008a0   0x0000003c   Zero   RW         3810    .bss                os_system.o
    0x200008dc   0x00000014   Zero   RW         3879    .bss                app.o
    0x200008f0   0x000001e0   Zero   RW         3921    .bss                para.o
    0x20000ad0   0x00000060   Zero   RW         4021    .bss                c_w.l(libspace.o)
    0x20000b30   0x00000200   Zero   RW         3055    HEAP                startup_stm32f10x_md.o
    0x20000d30   0x00000400   Zero   RW         3054    STACK               startup_stm32f10x_md.o


==============================================================================

Image component sizes


      Code (inc. data)   RO Data    RW Data    ZI Data      Debug   Object Name

       772         30          0          0         20       3528   app.o
       384         54          0         61          0       3587   hal_beep.o
       174         20          0          0          0      18203   hal_cpu.o
      1166         28          0          0          0      10133   hal_eeprom.o
       760         90          0         35         36     208600   hal_key.o
       900        124          0        110         32       7920   hal_led.o
      1220         58       6632          0       1024       8281   hal_oled.o
      1708        144          0         35        108       6874   hal_rfd.o
       512         42          0          0         48       5035   hal_time.o
       896         74          0          1        668       6306   hal_usart.o
       124         22          0          0          0       6707   main.o
       132         22          0          0          0       1899   misc.o
       588         32          0          4         60       6907   os_system.o
       660         24          0          0        480       3145   para.o
        64         26        236          0       1536        884   startup_stm32f10x_md.o
       506         26          0          0          0       5967   stm32f10x_dma.o
       448          6          0          0          0       5214   stm32f10x_gpio.o
        62          4          0          0          0       5113   stm32f10x_it.o
       372         50          0         20          0       7064   stm32f10x_rcc.o
        84          0          0          0          0       2505   stm32f10x_spi.o
       882        126          0          0          0       7885   stm32f10x_tim.o
       456          6          0          0          0       7183   stm32f10x_usart.o
       328         28          0         20          0     270757   system_stm32f10x.o

    ----------------------------------------------------------------------
     13232       1036       6900        292       4012     609697   Object Totals
         0          0         32          0          0          0   (incl. Generated)
        34          0          0          6          0          0   (incl. Padding)

    ----------------------------------------------------------------------

      Code (inc. data)   RO Data    RW Data    ZI Data      Debug   Library Member Name

         8          0          0          0          0         68   __main.o
         0          0          0          0          0          0   __rtentry.o
        12          0          0          0          0          0   __rtentry2.o
         6          0          0          0          0          0   __rtentry4.o
        52          8          0          0          0          0   __scatter.o
        26          0          0          0          0          0   __scatter_copy.o
        28          0          0          0          0          0   __scatter_zi.o
        18          0          0          0          0         80   exit.o
         6          0          0          0          0        152   heapauxi.o
         0          0          0          0          0          0   indicate_semi.o
         2          0          0          0          0          0   libinit.o
         2          0          0          0          0          0   libinit2.o
         2          0          0          0          0          0   libshutdown.o
         2          0          0          0          0          0   libshutdown2.o
         8          4          0          0         96         68   libspace.o
         2          0          0          0          0          0   rtexit.o
        10          0          0          0          0          0   rtexit2.o
        12          4          0          0          0         68   sys_exit.o
        74          0          0          0          0         80   sys_stackheap_outer.o
         2          0          0          0          0         68   use_no_semi.o

    ----------------------------------------------------------------------
       280         16          0          0         96        584   Library Totals
         8          0          0          0          0          0   (incl. Padding)

    ----------------------------------------------------------------------

      Code (inc. data)   RO Data    RW Data    ZI Data      Debug   Library Name

       272         16          0          0         96        584   c_w.l

    ----------------------------------------------------------------------
       280         16          0          0         96        584   Library Totals

    ----------------------------------------------------------------------

==============================================================================


      Code (inc. data)   RO Data    RW Data    ZI Data      Debug   

     13512       1052       6900        292       4108     602841   Grand Totals
     13512       1052       6900        292       4108     602841   ELF Image Totals
     13512       1052       6900        292          0          0   ROM Totals

==============================================================================

    Total RO  Size (Code + RO Data)                20412 (  19.93kB)
    Total RW  Size (RW Data + ZI Data)              4400 (   4.30kB)
    Total ROM Size (Code + RO Data + RW Data)      20704 (  20.22kB)

==============================================================================

